Archive member included because of file (symbol)

libee.a(ee_hal_structs.o)     obj/code.o (EE_IRQ_nesting_level)
libee.a(ee_utils.o)           obj/code.o (EE_system_init)
libee.a(ee_gnu_change_context_isr.o)
                              obj/code.o (EE_switch_context)
libee.a(ee_irqendin.o)        libee.a(ee_gnu_change_context_isr.o) (EE_IRQ_end_instance)
libee.a(ee_tstub.o)           obj/eecfg.o (EE_oo_thread_stub)
libee.a(ee_lookup.o)          libee.a(ee_irqendin.o) (EE_oo_IRQ_disable_count)
libee.a(ee_rq_exchg.o)        libee.a(ee_irqendin.o) (EE_rq2stk_exchange)
libee.a(ee_alsetrel.o)        obj/code.o (EE_oo_SetRelAlarm)
libee.a(ee_altick.o)          libee.a(ee_alsetrel.o) (EE_oo_counter_object_insert)
libee.a(ee_context.o)         libee.a(ee_gnu_change_context_isr.o) (EE_cortex_mx_change_context)
libee.a(ee_gnu_oo.o)          libee.a(ee_tstub.o) (EE_hal_terminate_savestk)
libee.a(ee_tnterm.o)          libee.a(ee_gnu_oo.o) (EE_thread_not_terminated)
libee.a(ee_rq_inser.o)        libee.a(ee_altick.o) (EE_rq_insert)
libee.a(ee_context.o)         libee.a(ee_context.o) (EE_std_run_task_code)
libee.a(ee_thendin.o)         libee.a(ee_context.o) (EE_thread_end_instance)
libstm32f4xxspd.a(stm32f4xx_dma.o)
                              obj/STMPE811QTR.o (DMA_DeInit)
libstm32f4xxspd.a(stm32f4xx_fsmc.o)
                              obj/Widget.o (FSMC_NORSRAMDeInit)
libstm32f4xxspd.a(stm32f4xx_gpio.o)
                              obj/STMPE811QTR.o (GPIO_Init)
libstm32f4xxspd.a(stm32f4xx_i2c.o)
                              obj/STMPE811QTR.o (I2C_Init)
libstm32f4xxspd.a(stm32f4xx_rcc.o)
                              libstm32f4xxspd.a(stm32f4xx_i2c.o) (RCC_GetClocksFreq)
c:/gnutoolsarmembedded/4.8_2014q3/bin/../lib/gcc/arm-none-eabi/4.8.4/armv7e-m\libgcc.a(_arm_addsubdf3.o)
                              obj/Widget.o (__aeabi_ui2d)
c:/gnutoolsarmembedded/4.8_2014q3/bin/../lib/gcc/arm-none-eabi/4.8.4/armv7e-m\libgcc.a(_arm_muldivdf3.o)
                              obj/Widget.o (__aeabi_dmul)
c:/gnutoolsarmembedded/4.8_2014q3/bin/../lib/gcc/arm-none-eabi/4.8.4/armv7e-m\libgcc.a(_arm_cmpdf2.o)
                              obj/Widget.o (__aeabi_dcmplt)
c:/gnutoolsarmembedded/4.8_2014q3/bin/../lib/gcc/arm-none-eabi/4.8.4/armv7e-m\libgcc.a(_arm_fixdfsi.o)
                              obj/Touch.o (__aeabi_d2iz)
c:/gnutoolsarmembedded/4.8_2014q3/bin/../lib/gcc/arm-none-eabi/4.8.4/armv7e-m\libgcc.a(_arm_addsubsf3.o)
                              obj/Touch.o (__aeabi_fsub)
c:/gnutoolsarmembedded/4.8_2014q3/bin/../lib/gcc/arm-none-eabi/4.8.4/armv7e-m\libgcc.a(_arm_muldivsf3.o)
                              obj/Touch.o (__aeabi_fmul)
c:/gnutoolsarmembedded/4.8_2014q3/bin/../lib/gcc/arm-none-eabi/4.8.4/armv7e-m\libgcc.a(_arm_fixsfsi.o)
                              obj/Touch.o (__aeabi_f2iz)
c:/gnutoolsarmembedded/4.8_2014q3/bin/../lib/gcc/arm-none-eabi/4.8.4/armv7e-m\libgcc.a(_arm_fixunssfsi.o)
                              obj/Touch.o (__aeabi_f2uiz)
C:\GNUToolsARMEmbedded\4.8_2014q3\arm-none-eabi\lib\thumb\libc.a(lib_a-exit.o)
                              c:/gnutoolsarmembedded/4.8_2014q3/bin/../lib/gcc/arm-none-eabi/4.8.4/../../../../arm-none-eabi/lib/armv7e-m/crt0.o (exit)
C:\GNUToolsARMEmbedded\4.8_2014q3\arm-none-eabi\lib\thumb\libc.a(lib_a-impure.o)
                              C:\GNUToolsARMEmbedded\4.8_2014q3\arm-none-eabi\lib\thumb\libc.a(lib_a-exit.o) (_global_impure_ptr)
C:\GNUToolsARMEmbedded\4.8_2014q3\arm-none-eabi\lib\thumb\libc.a(lib_a-init.o)
                              c:/gnutoolsarmembedded/4.8_2014q3/bin/../lib/gcc/arm-none-eabi/4.8.4/../../../../arm-none-eabi/lib/armv7e-m/crt0.o (__libc_init_array)
C:\GNUToolsARMEmbedded\4.8_2014q3\arm-none-eabi\lib\thumb\libc.a(lib_a-memset.o)
                              c:/gnutoolsarmembedded/4.8_2014q3/bin/../lib/gcc/arm-none-eabi/4.8.4/../../../../arm-none-eabi/lib/armv7e-m/crt0.o (memset)
C:\GNUToolsARMEmbedded\4.8_2014q3\arm-none-eabi\lib\thumb\libc.a(lib_a-sprintf.o)
                              obj/code.o (sprintf)
C:\GNUToolsARMEmbedded\4.8_2014q3\arm-none-eabi\lib\thumb\libc.a(lib_a-svfprintf.o)
                              C:\GNUToolsARMEmbedded\4.8_2014q3\arm-none-eabi\lib\thumb\libc.a(lib_a-sprintf.o) (_svfprintf_r)
C:\GNUToolsARMEmbedded\4.8_2014q3\arm-none-eabi\lib\thumb\libc.a(lib_a-__call_atexit.o)
                              C:\GNUToolsARMEmbedded\4.8_2014q3\arm-none-eabi\lib\thumb\libc.a(lib_a-exit.o) (__call_exitprocs)
C:\GNUToolsARMEmbedded\4.8_2014q3\arm-none-eabi\lib\thumb\libc.a(lib_a-atexit.o)
                              C:\GNUToolsARMEmbedded\4.8_2014q3\arm-none-eabi\lib\thumb\libc.a(lib_a-__call_atexit.o) (atexit)
C:\GNUToolsARMEmbedded\4.8_2014q3\arm-none-eabi\lib\thumb\libc.a(lib_a-dtoa.o)
                              C:\GNUToolsARMEmbedded\4.8_2014q3\arm-none-eabi\lib\thumb\libc.a(lib_a-svfprintf.o) (_dtoa_r)
C:\GNUToolsARMEmbedded\4.8_2014q3\arm-none-eabi\lib\thumb\libc.a(lib_a-fini.o)
[...]
Memory Configuration

Name             Origin             Length             Attributes
FLASH            0x08000000         0x00100000         xr
RAM              0x20000000         0x00020000         xrw
CCM              0x10000000         0x00010000         xrw
MEMORY_B1        0x60000000         0x00000000         xr
*default*        0x00000000         0xffffffff

Linker script and memory map

LOAD c:/gnutoolsarmembedded/4.8_2014q3/bin/../lib/gcc/arm-none-eabi/4.8.4/armv7e-m/crti.o
LOAD c:/gnutoolsarmembedded/4.8_2014q3/bin/../lib/gcc/arm-none-eabi/4.8.4/armv7e-m/crtbegin.o
LOAD c:/gnutoolsarmembedded/4.8_2014q3/bin/../lib/gcc/arm-none-eabi/4.8.4/../../../../arm-none-eabi/lib/armv7e-m/crt0.o
LOAD obj/Event.o
LOAD obj/STMPE811QTR.o
LOAD obj/Touch.o
LOAD obj/Widget.o
LOAD obj/WidgetConfig.o
LOAD obj/code.o
LOAD obj/debug.o
LOAD obj/eecfg.o
LOAD obj/pictures.o
LOAD obj/pkg/mcu/st_stm32_stm32f4xx/src/startup_stm32f4xx_gnu.o
LOAD obj/pkg/mcu/st_stm32_stm32f4xx/src/system_stm32f4xx.o
LOAD libee.a
LOAD libstm32f4discovery.a
LOAD libstm32f4xxspd.a
START GROUP
LOAD c:/gnutoolsarmembedded/4.8_2014q3/bin/../lib/gcc/arm-none-eabi/4.8.4/armv7e-m\libgcc.a
LOAD C:\GNUToolsARMEmbedded\4.8_2014q3\arm-none-eabi\lib\thumb\libc.a
LOAD C:\GNUToolsARMEmbedded\4.8_2014q3\arm-none-eabi\lib\thumb\libm.a
LOAD C:\GNUToolsARMEmbedded\4.8_2014q3\arm-none-eabi\lib\thumb\libnosys.a
END GROUP

.text           0x08000000    0x37a9c
 *(.isr_vector)
 .isr_vector    0x08000000      0x188 obj/pkg/mcu/st_stm32_stm32f4xx/src/startup_stm32f4xx_gnu.o
                0x08000000                __isr_vector
 *(.text*)
 .text          0x08000188        0x0 c:/gnutoolsarmembedded/4.8_2014q3/bin/../lib/gcc/arm-none-eabi/4.8.4/armv7e-m/crti.o
 .text          0x08000188       0x54 c:/gnutoolsarmembedded/4.8_2014q3/bin/../lib/gcc/arm-none-eabi/4.8.4/armv7e-m/crtbegin.o
 .text          0x080001dc       0x74 c:/gnutoolsarmembedded/4.8_2014q3/bin/../lib/gcc/arm-none-eabi/4.8.4/../../../../arm-none-eabi/lib/armv7e-m/crt0.o
                0x080001dc                _start
                0x080001dc                _mainCRTStartup
 .text          0x08000250        0x0 obj/Event.o
 .text          0x08000250      0xe0c obj/STMPE811QTR.o
                0x08000250                IOE_Config
                0x08000288                IOE_ITConfig
                0x080002cc                IOE_TS_GetState
                0x080003a0                IOE_GetGITStatus
                0x080003dc                IOE_ClearGITPending
                0x08000404                IOE_GetIOITStatus
                0x08000440                IOE_IsOperational
                0x0800047c                IOE_Reset
                0x080004b0                IOE_ReadID
                0x080004f0                IOE_FnctCmd
                0x0800054c                IOE_IOPinConfig
                0x080005a8                IOE_GITCmd
                0x080005f4                IOE_GITConfig
                0x08000650                IOE_IOITConfig
                0x080006ac                IOE_TS_Config
                0x080007ac                IOE_IOAFConfig
                0x08000808                IOE_IOEdgeConfig
                0x080008a4                IOE_ITOutConfig
                0x080008f0                I2C_WriteDeviceRegister
                0x08000a60                I2C_ReadDeviceRegister
                0x08000c24                I2C_ReadDataBuffer
                0x08000e00                IOE_TS_Read_X
                0x08000e48                IOE_TS_Read_Y
 .text          0x0800105c      0x5d0 obj/Touch.o
                0x0800105c                delay
                0x08001090                Draw_Calibration_Mark
                0x080010d8                Lcd_Touch_Calibration
                0x08001388                GetTouch_TC_Async
                0x080013f8                GetTouch_TC_Sync
                0x08001468                GetTouch_SC_Async
                0x08001530                GetTouch_SC_Sync
                0x080015f8                InitTouch
 *fill*         0x0800162c        0x4 
 .text          0x08001630     0x1fa8 obj/Widget.o
                0x08001630                LCD_DeInit
                0x08001870                LCD_CtrlLinesConfig
                0x080019e8                LCD_FSMCConfig
                0x08001a68                STM32f4_Discovery_LCD_Init
                0x08001bd8                LCD_SetCursor
                0x08001c00                LCD_WriteReg
                0x08001c2c                LCD_ReadReg
                0x08001c58                LCD_WriteRAM_Prepare
                0x08001c6c                LCD_WriteRAM
                0x08001c8c                LCD_ReadRAM
                0x08001ca4                LCD_RGB_Test
                0x08001d0c                LCD_SetColors
                0x08001d3c                LCD_GetColors
                0x08001d6c                LCD_SetTextColor
                0x08001d8c                LCD_SetBackColor
                0x08001dac                LCD_DisplayOff
                0x08001db8                LCD_DisplayOn
                0x08001dc4                LCD_SetFont
                0x08001de0                LCD_GetFont
                0x08001df8                LCD_ClearLine
                0x08001e34                LCD_Clear
                0x08001e74                LCD_DrawPicture
                0x08001f74                LCD_DrawChar
                0x08002078                LCD_DrawCharXY
                0x080021ac                LCD_DisplayChar
                0x080021f4                LCD_DisplayCharXY
                0x08002244                LCD_DisplayStringXY
                0x08002298                LCD_DisplayStringLine
                0x080022ec                LCD_SetDisplayWindow
                0x08002364                LCD_WindowModeDisable
                0x08002370                LCD_DrawLine
                0x080023fc                LCD_DrawLineByAngle
                0x080025c8                LCD_DrawRect
                0x0800263c                LCD_DrawFilledCircle
                0x080026a0                LCD_DrawCircle
                0x0800286c                LCD_DrawMonoPict
                0x080028f0                LCD_WriteBMP
                0x0800298c                LCD_DrawFilledRect
                0x08002a10                LCD_DrawFullRect
                0x08002ac0                LCD_DrawFullCircle
                0x08002c00                LCD_DrawUniLine
                0x08002d68                LCD_PolyLine
                0x08002e60                LCD_ClosedPolyLine
                0x08002eb0                LCD_PolyLineRelative
                0x08002ed0                LCD_ClosedPolyLineRelative
                0x08002ef0                LCD_FillPolyLine
                0x080033c4                contains
                0x08003424                OnTouch
                0x08003494                DrawInit
                0x080034c8                DrawOn
                0x08003528                DrawOff
                0x08003588                WPrint
 .text          0x080035d8        0x0 obj/WidgetConfig.o
 .text          0x080035d8      0x3c8 obj/code.o
                0x08003608                systick_handler
                0x080036d0                ISR2_systick_handler
                0x080036dc                FuncTaskLCD
                0x08003718                setTimeString
                0x08003740                IsUpdateTime
                0x080037b4                UpdateTime
                0x080037f4                UpdateFuel
                0x08003820                strencode2digit
                0x0800387c                UpdateArrows
                0x080038b0                FuncTaskGuiDashboard
                0x080038dc                main
 .text          0x080039a0       0x90 obj/debug.o
                0x080039a0                debuginfo
                0x080039ec                debugInt
 .text          0x08003a30       0x30 obj/eecfg.o
 .text          0x08003a60        0x0 obj/pictures.o
 .text          0x08003a60        0x0 obj/pkg/mcu/st_stm32_stm32f4xx/src/startup_stm32f4xx_gnu.o
 .text.EE_cortex_mx_default_reset_ISR
                0x08003a60       0x48 obj/pkg/mcu/st_stm32_stm32f4xx/src/startup_stm32f4xx_gnu.o
                0x08003a60                EE_cortex_mx_default_reset_ISR
 .text.EE_cortex_mx_default_ISR
                0x08003aa8        0x6 obj/pkg/mcu/st_stm32_stm32f4xx/src/startup_stm32f4xx_gnu.o
                0x08003aa8                EE_CORTEX_MX_DMA1_STREAM4_ISR
                0x08003aa8                EE_CORTEX_MX_USART6_ISR
                0x08003aa8                EE_CORTEX_MX_DMA1_STREAM6_ISR
                0x08003aa8                EE_CORTEX_MX_CRYP_ISR
                0x08003aa8                EE_CORTEX_MX_DMA1_STREAM5_ISR
                0x08003aa8                EE_CORTEX_MX_BUS_FAULT_ISR
                0x08003aa8                EE_CORTEX_MX_PVD_ISR
                0x08003aa8                EE_CORTEX_MX_SPI2_ISR
                0x08003aa8                EE_CORTEX_MX_CAN1_RX1_ISR
                0x08003aa8                EE_CORTEX_MX_DMA2_STREAM5_ISR
                0x08003aa8                EE_CORTEX_MX_TIM6_DAC_ISR
                0x08003aa8                EE_CORTEX_MX_I2C2_EV_ISR
                0x08003aa8                EE_CORTEX_MX_TIM1_UP_TIM10_ISR
                0x08003aa8                EE_CORTEX_MX_CAN1_RX0_ISR
                0x08003aa8                EE_CORTEX_MX_USART1_ISR
                0x08003aa8                EE_CORTEX_MX_TIM8_CC_ISR
                0x08003aa8                EE_CORTEX_MX_RTC_Alarm_ISR
                0x08003aa8                EE_CORTEX_MX_EXTI2_ISR
                0x08003aa8                EE_CORTEX_MX_OTG_HS_ISR
                0x08003aa8                EE_CORTEX_MX_DCMI_ISR
                0x08003aa8                EE_CORTEX_MX_DMA2_STREAM0_ISR
                0x08003aa8                EE_CORTEX_MX_SPI1_ISR
                0x08003aa8                EE_cortex_mx_default_ISR
                0x08003aa8                EE_CORTEX_MX_ETH_WKUP_ISR
                0x08003aa8                EE_CORTEX_MX_TIM8_TRG_COM_TIM14_ISR
                0x08003aa8                EE_CORTEX_MX_USAGE_FAULT_ISR
                0x08003aa8                EE_CORTEX_MX_TIM7_ISR
                0x08003aa8                EE_CORTEX_MX_TIM2_ISR
                0x08003aa8                EE_CORTEX_MX_I2C1_EV_ISR
                0x08003aa8                EE_CORTEX_MX_TIM1_TRG_COM_TIM11_ISR
                0x08003aa8                EE_CORTEX_MX_UART5_ISR
                0x08003aa8                EE_CORTEX_MX_UART4_ISR
                0x08003aa8                EE_CORTEX_MX_NMI_ISR
                0x08003aa8                EE_CORTEX_MX_TIM3_ISR
                0x08003aa8                EE_CORTEX_MX_USART3_ISR
                0x08003aa8                EE_CORTEX_MX_DMA2_STREAM4_ISR
                0x08003aa8                EE_CORTEX_MX_EXTI4_ISR
                0x08003aa8                EE_CORTEX_MX_ADC_ISR
                0x08003aa8                EE_CORTEX_MX_OTG_HS_EP1_IN_ISR
                0x08003aa8                EE_CORTEX_MX_DMA2_STREAM1_ISR
                0x08003aa8                EE_CORTEX_MX_CAN1_TX_ISR
                0x08003aa8                EE_CORTEX_MX_USART2_ISR
                0x08003aa8                EE_CORTEX_MX_SDIO_ISR
                0x08003aa8                EE_CORTEX_MX_I2C2_ER_ISR
                0x08003aa8                EE_CORTEX_MX_I2C3_EV_ISR
                0x08003aa8                EE_CORTEX_MX_HARD_FAULT_ISR
                0x08003aa8                EE_CORTEX_MX_DMA1_STREAM3_ISR
                0x08003aa8                EE_CORTEX_MX_OTG_HS_EP1_OUT_ISR
                0x08003aa8                EE_CORTEX_MX_TIM8_BRK_TIM12_ISR
                0x08003aa8                EE_CORTEX_MX_CAN1_SCE_ISR
                0x08003aa8                EE_CORTEX_MX_DMA1_STREAM1_ISR
                0x08003aa8                EE_CORTEX_MX_TIM4_ISR
                0x08003aa8                EE_CORTEX_MX_DMA2_STREAM3_ISR
                0x08003aa8                EE_CORTEX_MX_ETH_ISR
                0x08003aa8                EE_CORTEX_MX_OTG_FS_ISR
                0x08003aa8                EE_CORTEX_MX_CAN2_RX0_ISR
                0x08003aa8                EE_CORTEX_MX_CAN2_SCE_ISR
                0x08003aa8                EE_CORTEX_MX_FPU_ISR
                0x08003aa8                EE_CORTEX_MX_RTC_WKUP_ISR
                0x08003aa8                EE_CORTEX_MX_TIM8_UP_TIM13_ISR
                0x08003aa8                EE_CORTEX_MX_OTG_FS_WKUP_ISR
                0x08003aa8                EE_CORTEX_MX_DMA1_STREAM2_ISR
                0x08003aa8                EE_CORTEX_MX_EXTI9_5_ISR
                0x08003aa8                EE_CORTEX_MX_EXTI3_ISR
                0x08003aa8                EE_CORTEX_MX_EXTI0_ISR
                0x08003aa8                EE_CORTEX_MX_I2C1_ER_ISR
                0x08003aa8                EE_CORTEX_MX_FLASH_ISR
                0x08003aa8                EE_CORTEX_MX_OTG_HS_WKUP_ISR
                0x08003aa8                EE_CORTEX_MX_TIM1_BRK_TIM9_ISR
                0x08003aa8                EE_CORTEX_MX_I2C3_ER_ISR
                0x08003aa8                EE_CORTEX_MX_TIM1_CC_ISR
                0x08003aa8                EE_CORTEX_MX_SPI3_ISR
                0x08003aa8                EE_CORTEX_MX_EXTI15_10_ISR
                0x08003aa8                EE_CORTEX_MX_CAN2_TX_ISR
                0x08003aa8                EE_CORTEX_MX_RCC_ISR
                0x08003aa8                EE_CORTEX_MX_FSMC_ISR
                0x08003aa8                EE_CORTEX_MX_DMA2_STREAM2_ISR
                0x08003aa8                EE_CORTEX_MX_DMA2_STREAM7_ISR
                0x08003aa8                EE_CORTEX_MX_EXTI1_ISR
                0x08003aa8                EE_CORTEX_MX_DEBUG_MONITOR_ISR
                0x08003aa8                EE_CORTEX_MX_WWDG_ISR
                0x08003aa8                EE_CORTEX_MX_MPU_FAULT_ISR
                0x08003aa8                EE_CORTEX_MX_HASH_RNG_ISR
                0x08003aa8                EE_CORTEX_MX_DMA2_STREAM6_ISR
                0x08003aa8                EE_CORTEX_MX_TIM5_ISR
                0x08003aa8                EE_CORTEX_MX_DMA1_STREAM0_ISR
                0x08003aa8                EE_CORTEX_MX_TAMP_STAMP_ISR
                0x08003aa8                EE_CORTEX_MX_CAN2_RX1_ISR
                0x08003aa8                EE_CORTEX_MX_DMA1_Stream7_ISR
 .text._exit    0x08003aae        0x6 obj/pkg/mcu/st_stm32_stm32f4xx/src/startup_stm32f4xx_gnu.o
                0x08003aae                _exit
 .text          0x08003ab4      0x244 obj/pkg/mcu/st_stm32_stm32f4xx/src/system_stm32f4xx.o
                0x08003ab4                SystemInit
                0x08003b0c                SystemCoreClockUpdate
 .text          0x08003cf8       0x30 libee.a(ee_hal_structs.o)
 .text          0x08003d28       0x68 libee.a(ee_utils.o)
                0x08003d58                EE_system_init
 .text          0x08003d90       0x8c libee.a(ee_gnu_change_context_isr.o)
                0x08003d90                EE_set_switch_context_pri
                0x08003da6                EE_switch_context
                0x08003dae                EE_cortex_mx_pendsv_ISR
                0x08003de2                EE_cortex_mx_svc_ISR
 .text          0x08003e1c      0x108 libee.a(ee_irqendin.o)
                0x08003e6c                EE_IRQ_end_instance
                0x08003efc                EE_IRQ_end_post_stub
 .text          0x08003f24       0x50 libee.a(ee_tstub.o)
                0x08003f54                EE_oo_thread_stub
 .text          0x08003f74       0x30 libee.a(ee_lookup.o)
 .text          0x08003fa4       0x74 libee.a(ee_rq_exchg.o)
                0x08003fd4                EE_rq2stk_exchange
 .text          0x08004018      0x154 libee.a(ee_alsetrel.o)
                0x08004048                EE_oo_SetRelAlarm
 .text          0x0800416c      0x44c libee.a(ee_altick.o)
                0x0800419c                EE_oo_counter_object_insert
                0x08004354                EE_oo_IncrementCounterImplementation
                0x080044b4                EE_oo_IncrementCounterHardware
                0x080044e8                EE_oo_IncrementCounter
 .text          0x080045b8       0x4c libee.a(ee_context.o)
                0x080045e8                EE_cortex_mx_change_context
 .text          0x08004604       0x80 libee.a(ee_gnu_oo.o)
                0x08004604                EE_hal_terminate_savestk
                0x0800464c                EE_hal_terminate_task
 .text          0x08004684       0x48 libee.a(ee_tnterm.o)
                0x080046b4                EE_thread_not_terminated
 .text          0x080046cc       0xb0 libee.a(ee_rq_inser.o)
                0x080046fc                EE_rq_insert
 .text          0x0800477c       0x54 libee.a(ee_context.o)
                0x080047ac                EE_std_run_task_code
 .text          0x080047d0      0x190 libee.a(ee_thendin.o)
                0x08004820                EE_thread_end_instance
 .text          0x08004960      0x70c libstm32f4xxspd.a(stm32f4xx_dma.o)
                0x08004960                DMA_DeInit
                0x08004b04                DMA_Init
                0x08004bb0                DMA_StructInit
                0x08004c1c                DMA_Cmd
                0x08004c54                DMA_PeriphIncOffsetSizeConfig
                0x08004c88                DMA_FlowControllerConfig
                0x08004cbc                DMA_SetCurrDataCounter
                0x08004cd8                DMA_GetCurrDataCounter
                0x08004cf4                DMA_DoubleBufferModeConfig
                0x08004d30                DMA_DoubleBufferModeCmd
                0x08004d68                DMA_MemoryTargetConfig
                0x08004d94                DMA_GetCurrentMemoryTarget
                0x08004dc4                DMA_GetCmdStatus
                0x08004df4                DMA_GetFIFOStatus
                0x08004e18                DMA_GetFlagStatus
                0x08004e90                DMA_ClearFlag
                0x08004eec                DMA_ITConfig
                0x08004f60                DMA_GetITStatus
                0x08005010                DMA_ClearITPendingBit
 .text          0x0800506c      0x94c libstm32f4xxspd.a(stm32f4xx_fsmc.o)
                0x0800506c                FSMC_NORSRAMDeInit
                0x080050c4                FSMC_NORSRAMInit
                0x080051f8                FSMC_NORSRAMStructInit
                0x080052cc                FSMC_NORSRAMCmd
                0x08005320                FSMC_NANDDeInit
                0x0800537c                FSMC_NANDInit
                0x08005448                FSMC_NANDStructInit
                0x080054c4                FSMC_NANDCmd
                0x08005530                FSMC_NANDECCCmd
                0x0800559c                FSMC_GetECC
                0x080055d4                FSMC_PCCARDDeInit
                0x08005608                FSMC_PCCARDInit
                0x080056b4                FSMC_PCCARDStructInit
                0x08005738                FSMC_PCCARDCmd
                0x08005774                FSMC_ITConfig
                0x08005814                FSMC_GetFlagStatus
                0x08005878                FSMC_ClearFlag
                0x080058d4                FSMC_GetITStatus
                0x08005954                FSMC_ClearITPendingBit
 .text          0x080059b8      0x488 libstm32f4xxspd.a(stm32f4xx_gpio.o)
                0x080059b8                GPIO_DeInit
                0x08005ad8                GPIO_Init
                0x08005bf4                GPIO_StructInit
                0x08005c28                GPIO_PinLockConfig
                0x08005c6c                GPIO_ReadInputDataBit
                0x08005ca0                GPIO_ReadInputData
                0x08005cbc                GPIO_ReadOutputDataBit
                0x08005cf0                GPIO_ReadOutputData
                0x08005d0c                GPIO_SetBits
                0x08005d28                GPIO_ResetBits
                0x08005d44                GPIO_WriteBit
                0x08005d74                GPIO_Write
                0x08005d90                GPIO_ToggleBits
                0x08005db4                GPIO_PinAFConfig
 .text          0x08005e40      0x988 libstm32f4xxspd.a(stm32f4xx_i2c.o)
                0x08005e40                I2C_DeInit
                0x08005eb4                I2C_Init
                0x08006038                I2C_StructInit
                0x08006074                I2C_Cmd
                0x080060b4                I2C_GenerateSTART
                0x080060f4                I2C_GenerateSTOP
                0x08006134                I2C_Send7bitAddress
                0x08006170                I2C_AcknowledgeConfig
                0x080061b0                I2C_OwnAddress2Config
                0x080061f0                I2C_DualAddressCmd
                0x08006230                I2C_GeneralCallCmd
                0x08006270                I2C_SoftwareResetCmd
                0x080062b4                I2C_StretchClockCmd
                0x080062f4                I2C_FastModeDutyCycleConfig
                0x08006334                I2C_NACKPositionConfig
                0x08006374                I2C_SMBusAlertConfig
                0x080063b4                I2C_ARPCmd
                0x080063f4                I2C_SendData
                0x08006414                I2C_ReceiveData
                0x08006430                I2C_TransmitPEC
                0x08006470                I2C_PECPositionConfig
                0x080064b0                I2C_CalculatePEC
                0x080064f0                I2C_GetPEC
                0x08006510                I2C_DMACmd
                0x08006550                I2C_DMALastTransferCmd
                0x08006590                I2C_ReadRegister
                0x080065c0                I2C_ITConfig
                0x08006608                I2C_CheckEvent
                0x08006668                I2C_GetLastEvent
                0x080066ac                I2C_GetFlagStatus
                0x08006714                I2C_ClearFlag
                0x08006740                I2C_GetITStatus
                0x0800679c                I2C_ClearITPendingBit
 .text          0x080067c8      0xa7c libstm32f4xxspd.a(stm32f4xx_rcc.o)
                0x080067c8                RCC_DeInit
                0x08006818                RCC_HSEConfig
                0x0800683c                RCC_WaitForHSEStartUp
                0x0800688c                RCC_AdjustHSICalibrationValue
                0x080068c8                RCC_HSICmd
                0x080068e8                RCC_LSEConfig
                0x08006928                RCC_LSICmd
                0x08006948                RCC_PLLConfig
                0x08006984                RCC_PLLCmd
                0x080069a4                RCC_PLLI2SConfig
                0x080069cc                RCC_PLLI2SCmd
                0x080069ec                RCC_ClockSecuritySystemCmd
                0x08006a0c                RCC_MCO1Config
                0x08006a48                RCC_MCO2Config
                0x08006a84                RCC_SYSCLKConfig
                0x08006abc                RCC_GetSYSCLKSource
                0x08006adc                RCC_HCLKConfig
                0x08006b14                RCC_PCLK1Config
                0x08006b4c                RCC_PCLK2Config
                0x08006b84                RCC_GetClocksFreq
                0x08006cd8                RCC_RTCCLKConfig
                0x08006d34                RCC_RTCCLKCmd
                0x08006d54                RCC_BackupResetCmd
                0x08006d74                RCC_I2SCLKConfig
                0x08006d90                RCC_AHB1PeriphClockCmd
                0x08006dcc                RCC_AHB2PeriphClockCmd
                0x08006e08                RCC_AHB3PeriphClockCmd
                0x08006e44                RCC_APB1PeriphClockCmd
                0x08006e80                RCC_APB2PeriphClockCmd
                0x08006ebc                RCC_AHB1PeriphResetCmd
                0x08006ef8                RCC_AHB2PeriphResetCmd
                0x08006f34                RCC_AHB3PeriphResetCmd
                0x08006f70                RCC_APB1PeriphResetCmd
                0x08006fac                RCC_APB2PeriphResetCmd
                0x08006fe8                RCC_AHB1PeriphClockLPModeCmd
                0x08007024                RCC_AHB2PeriphClockLPModeCmd
                0x08007060                RCC_AHB3PeriphClockLPModeCmd
                0x0800709c                RCC_APB1PeriphClockLPModeCmd
                0x080070d8                RCC_APB2PeriphClockLPModeCmd
                0x08007114                RCC_ITConfig
                0x0800715c                RCC_GetFlagStatus
                0x080071d0                RCC_ClearFlag
                0x080071ec                RCC_GetITStatus
                0x08007224                RCC_ClearITPendingBit
 .text          0x08007244      0x370 c:/gnutoolsarmembedded/4.8_2014q3/bin/../lib/gcc/arm-none-eabi/4.8.4/armv7e-m\libgcc.a(_arm_addsubdf3.o)
                0x08007244                __aeabi_drsub
                0x0800724c                __aeabi_dsub
                0x0800724c                __subdf3
                0x08007250                __aeabi_dadd
                0x08007250                __adddf3
                0x080074c8                __floatunsidf
                0x080074c8                __aeabi_ui2d
                0x080074e8                __floatsidf
                0x080074e8                __aeabi_i2d
                0x0800750c                __aeabi_f2d
                0x0800750c                __extendsfdf2
                0x08007548                __floatundidf
                0x08007548                __aeabi_ul2d
                0x08007558                __floatdidf
                0x08007558                __aeabi_l2d
 .text          0x080075b4      0x424 c:/gnutoolsarmembedded/4.8_2014q3/bin/../lib/gcc/arm-none-eabi/4.8.4/armv7e-m\libgcc.a(_arm_muldivdf3.o)
                0x080075b4                __aeabi_dmul
                0x080075b4                __muldf3
                0x08007808                __divdf3
                0x08007808                __aeabi_ddiv
 .text          0x080079d8      0x110 c:/gnutoolsarmembedded/4.8_2014q3/bin/../lib/gcc/arm-none-eabi/4.8.4/armv7e-m\libgcc.a(_arm_cmpdf2.o)
                0x080079d8                __gtdf2
                0x080079d8                __gedf2
                0x080079e0                __ltdf2
                0x080079e0                __ledf2
                0x080079e8                __nedf2
                0x080079e8                __eqdf2
                0x080079e8                __cmpdf2
                0x08007a64                __aeabi_cdrcmple
                0x08007a74                __aeabi_cdcmpeq
                0x08007a74                __aeabi_cdcmple
                0x08007a84                __aeabi_dcmpeq
                0x08007a98                __aeabi_dcmplt
                0x08007aac                __aeabi_dcmple
                0x08007ac0                __aeabi_dcmpge
                0x08007ad4                __aeabi_dcmpgt
 .text          0x08007ae8       0x50 c:/gnutoolsarmembedded/4.8_2014q3/bin/../lib/gcc/arm-none-eabi/4.8.4/armv7e-m\libgcc.a(_arm_fixdfsi.o)
                0x08007ae8                __aeabi_d2iz
                0x08007ae8                __fixdfsi
 .text          0x08007b38      0x21c c:/gnutoolsarmembedded/4.8_2014q3/bin/../lib/gcc/arm-none-eabi/4.8.4/armv7e-m\libgcc.a(_arm_addsubsf3.o)
                0x08007b38                __aeabi_frsub
                0x08007b40                __subsf3
                0x08007b40                __aeabi_fsub
                0x08007b44                __aeabi_fadd
                0x08007b44                __addsf3
                0x08007ca4                __aeabi_ui2f
                0x08007ca4                __floatunsisf
                0x08007cac                __aeabi_i2f
                0x08007cac                __floatsisf
                0x08007cc8                __aeabi_ul2f
                0x08007cc8                __floatundisf
                0x08007cd8                __aeabi_l2f
                0x08007cd8                __floatdisf
 .text          0x08007d54      0x2a0 c:/gnutoolsarmembedded/4.8_2014q3/bin/../lib/gcc/arm-none-eabi/4.8.4/armv7e-m\libgcc.a(_arm_muldivsf3.o)
                0x08007d54                __mulsf3
                0x08007d54                __aeabi_fmul
                0x08007ebc                __aeabi_fdiv
                0x08007ebc                __divsf3
 .text          0x08007ff4       0x4c c:/gnutoolsarmembedded/4.8_2014q3/bin/../lib/gcc/arm-none-eabi/4.8.4/armv7e-m\libgcc.a(_arm_fixsfsi.o)
                0x08007ff4                __aeabi_f2iz
                0x08007ff4                __fixsfsi
 .text          0x08008040       0x40 c:/gnutoolsarmembedded/4.8_2014q3/bin/../lib/gcc/arm-none-eabi/4.8.4/armv7e-m\libgcc.a(_arm_fixunssfsi.o)
                0x08008040                __fixunssfsi
                0x08008040                __aeabi_f2uiz
 .text          0x08008080        0x0 C:\GNUToolsARMEmbedded\4.8_2014q3\arm-none-eabi\lib\thumb\libc.a(lib_a-exit.o)
 .text.exit     0x08008080       0x28 C:\GNUToolsARMEmbedded\4.8_2014q3\arm-none-eabi\lib\thumb\libc.a(lib_a-exit.o)
                0x08008080                exit
 .text          0x080080a8        0x0 C:\GNUToolsARMEmbedded\4.8_2014q3\arm-none-eabi\lib\thumb\libc.a(lib_a-impure.o)
 .text          0x080080a8        0x0 C:\GNUToolsARMEmbedded\4.8_2014q3\arm-none-eabi\lib\thumb\libc.a(lib_a-init.o)
 .text.__libc_init_array
                0x080080a8       0x58 C:\GNUToolsARMEmbedded\4.8_2014q3\arm-none-eabi\lib\thumb\libc.a(lib_a-init.o)
                0x080080a8                __libc_init_array
 .text          0x08008100        0x0 C:\GNUToolsARMEmbedded\4.8_2014q3\arm-none-eabi\lib\thumb\libc.a(lib_a-memset.o)
 .text.memset   0x08008100       0xa4 C:\GNUToolsARMEmbedded\4.8_2014q3\arm-none-eabi\lib\thumb\libc.a(lib_a-memset.o)
                0x08008100                memset
 .text          0x080081a4        0x0 C:\GNUToolsARMEmbedded\4.8_2014q3\arm-none-eabi\lib\thumb\libc.a(lib_a-sprintf.o)
 .text._sprintf_r
                0x080081a4       0x40 C:\GNUToolsARMEmbedded\4.8_2014q3\arm-none-eabi\lib\thumb\libc.a(lib_a-sprintf.o)
                0x080081a4                _sprintf_r
 .text.sprintf  0x080081e4       0x44 C:\GNUToolsARMEmbedded\4.8_2014q3\arm-none-eabi\lib\thumb\libc.a(lib_a-sprintf.o)
                0x080081e4                sprintf
 .text          0x08008228        0x0 C:\GNUToolsARMEmbedded\4.8_2014q3\arm-none-eabi\lib\thumb\libc.a(lib_a-svfprintf.o)
 .text._svfprintf_r
                0x08008228     0x14f0 C:\GNUToolsARMEmbedded\4.8_2014q3\arm-none-eabi\lib\thumb\libc.a(lib_a-svfprintf.o)
                0x08008228                _svfprintf_r
 .text          0x08009718        0x0 C:\GNUToolsARMEmbedded\4.8_2014q3\arm-none-eabi\lib\thumb\libc.a(lib_a-__call_atexit.o)
 .text.startup.register_fini
                0x08009718       0x1c C:\GNUToolsARMEmbedded\4.8_2014q3\arm-none-eabi\lib\thumb\libc.a(lib_a-__call_atexit.o)
 .text.__call_exitprocs
                0x08009734      0x128 C:\GNUToolsARMEmbedded\4.8_2014q3\arm-none-eabi\lib\thumb\libc.a(lib_a-__call_atexit.o)
                0x08009734                __call_exitprocs
 .text          0x0800985c        0x0 C:\GNUToolsARMEmbedded\4.8_2014q3\arm-none-eabi\lib\thumb\libc.a(lib_a-atexit.o)
 .text.atexit   0x0800985c       0x14 C:\GNUToolsARMEmbedded\4.8_2014q3\arm-none-eabi\lib\thumb\libc.a(lib_a-atexit.o)
                0x0800985c                atexit
 .text          0x08009870        0x0 C:\GNUToolsARMEmbedded\4.8_2014q3\arm-none-eabi\lib\thumb\libc.a(lib_a-dtoa.o)
 .text.quorem   0x08009870      0x154 C:\GNUToolsARMEmbedded\4.8_2014q3\arm-none-eabi\lib\thumb\libc.a(lib_a-dtoa.o)
 *fill*         0x080099c4        0x4 
 .text._dtoa_r  0x080099c8      0xfe8 C:\GNUToolsARMEmbedded\4.8_2014q3\arm-none-eabi\lib\thumb\libc.a(lib_a-dtoa.o)
                0x080099c8                _dtoa_r
 .text          0x0800a9b0        0x0 C:\GNUToolsARMEmbedded\4.8_2014q3\arm-none-eabi\lib\thumb\libc.a(lib_a-fini.o)
 .text.__libc_fini_array
                0x0800a9b0       0x38 C:\GNUToolsARMEmbedded\4.8_2014q3\arm-none-eabi\lib\thumb\libc.a(lib_a-fini.o)
                0x0800a9b0                __libc_fini_array
 .text          0x0800a9e8        0x0 C:\GNUToolsARMEmbedded\4.8_2014q3\arm-none-eabi\lib\thumb\libc.a(lib_a-locale.o)
 .text._setlocale_r
                0x0800a9e8       0x48 C:\GNUToolsARMEmbedded\4.8_2014q3\arm-none-eabi\lib\thumb\libc.a(lib_a-locale.o)
                0x0800a9e8                _setlocale_r
 .text.__locale_charset
                0x0800aa30        0x8 C:\GNUToolsARMEmbedded\4.8_2014q3\arm-none-eabi\lib\thumb\libc.a(lib_a-locale.o)
                0x0800aa30                __locale_charset
 .text.__locale_mb_cur_max
                0x0800aa38        0xc C:\GNUToolsARMEmbedded\4.8_2014q3\arm-none-eabi\lib\thumb\libc.a(lib_a-locale.o)
                0x0800aa38                __locale_mb_cur_max
 .text.__locale_msgcharset
                0x0800aa44        0x8 C:\GNUToolsARMEmbedded\4.8_2014q3\arm-none-eabi\lib\thumb\libc.a(lib_a-locale.o)
                0x0800aa44                __locale_msgcharset
 .text.__locale_cjk_lang
                0x0800aa4c        0x4 C:\GNUToolsARMEmbedded\4.8_2014q3\arm-none-eabi\lib\thumb\libc.a(lib_a-locale.o)
                0x0800aa4c                __locale_cjk_lang
 .text._localeconv_r
                0x0800aa50        0x8 C:\GNUToolsARMEmbedded\4.8_2014q3\arm-none-eabi\lib\thumb\libc.a(lib_a-locale.o)
                0x0800aa50                _localeconv_r
 .text.setlocale
                0x0800aa58       0x1c C:\GNUToolsARMEmbedded\4.8_2014q3\arm-none-eabi\lib\thumb\libc.a(lib_a-locale.o)
                0x0800aa58                setlocale
 .text.localeconv
                0x0800aa74        0x8 C:\GNUToolsARMEmbedded\4.8_2014q3\arm-none-eabi\lib\thumb\libc.a(lib_a-locale.o)
                0x0800aa74                localeconv
 .text          0x0800aa7c        0x0 C:\GNUToolsARMEmbedded\4.8_2014q3\arm-none-eabi\lib\thumb\libc.a(lib_a-mallocr.o)
 .text._malloc_r
                0x0800aa7c      0x518 C:\GNUToolsARMEmbedded\4.8_2014q3\arm-none-eabi\lib\thumb\libc.a(lib_a-mallocr.o)
                0x0800aa7c                _malloc_r
 .text          0x0800af94        0x0 C:\GNUToolsARMEmbedded\4.8_2014q3\arm-none-eabi\lib\thumb\libc.a(lib_a-memchr-stub.o)
 .text.memchr   0x0800af94       0x8c C:\GNUToolsARMEmbedded\4.8_2014q3\arm-none-eabi\lib\thumb\libc.a(lib_a-memchr-stub.o)
                0x0800af94                memchr
 .text          0x0800b020        0x0 C:\GNUToolsARMEmbedded\4.8_2014q3\arm-none-eabi\lib\thumb\libc.a(lib_a-memcpy-stub.o)
 .text.memcpy   0x0800b020       0x88 C:\GNUToolsARMEmbedded\4.8_2014q3\arm-none-eabi\lib\thumb\libc.a(lib_a-memcpy-stub.o)
                0x0800b020                memcpy
 .text          0x0800b0a8        0x0 C:\GNUToolsARMEmbedded\4.8_2014q3\arm-none-eabi\lib\thumb\libc.a(lib_a-mlock.o)
 .text.__malloc_lock
                0x0800b0a8        0x4 C:\GNUToolsARMEmbedded\4.8_2014q3\arm-none-eabi\lib\thumb\libc.a(lib_a-mlock.o)
                0x0800b0a8                __malloc_lock
 .text.__malloc_unlock
                0x0800b0ac        0x4 C:\GNUToolsARMEmbedded\4.8_2014q3\arm-none-eabi\lib\thumb\libc.a(lib_a-mlock.o)
                0x0800b0ac                __malloc_unlock
 .text          0x0800b0b0        0x0 C:\GNUToolsARMEmbedded\4.8_2014q3\arm-none-eabi\lib\thumb\libc.a(lib_a-mprec.o)
 .text._Balloc  0x0800b0b0       0x54 C:\GNUToolsARMEmbedded\4.8_2014q3\arm-none-eabi\lib\thumb\libc.a(lib_a-mprec.o)
                0x0800b0b0                _Balloc
 .text._Bfree   0x0800b104       0x14 C:\GNUToolsARMEmbedded\4.8_2014q3\arm-none-eabi\lib\thumb\libc.a(lib_a-mprec.o)
                0x0800b104                _Bfree
 .text.__multadd
                0x0800b118       0xac C:\GNUToolsARMEmbedded\4.8_2014q3\arm-none-eabi\lib\thumb\libc.a(lib_a-mprec.o)
                0x0800b118                __multadd
 .text.__s2b    0x0800b1c4       0x9c C:\GNUToolsARMEmbedded\4.8_2014q3\arm-none-eabi\lib\thumb\libc.a(lib_a-mprec.o)
                0x0800b1c4                __s2b
 .text.__hi0bits
                0x0800b260       0x3c C:\GNUToolsARMEmbedded\4.8_2014q3\arm-none-eabi\lib\thumb\libc.a(lib_a-mprec.o)
                0x0800b260                __hi0bits
 .text.__lo0bits
                0x0800b29c       0x5c C:\GNUToolsARMEmbedded\4.8_2014q3\arm-none-eabi\lib\thumb\libc.a(lib_a-mprec.o)
                0x0800b29c                __lo0bits
 .text.__i2b    0x0800b2f8       0x18 C:\GNUToolsARMEmbedded\4.8_2014q3\arm-none-eabi\lib\thumb\libc.a(lib_a-mprec.o)
                0x0800b2f8                __i2b
 .text.__multiply
                0x0800b310      0x148 C:\GNUToolsARMEmbedded\4.8_2014q3\arm-none-eabi\lib\thumb\libc.a(lib_a-mprec.o)
                0x0800b310                __multiply
 .text.__pow5mult
                0x0800b458       0xbc C:\GNUToolsARMEmbedded\4.8_2014q3\arm-none-eabi\lib\thumb\libc.a(lib_a-mprec.o)
                0x0800b458                __pow5mult
 .text.__lshift
                0x0800b514       0xc4 C:\GNUToolsARMEmbedded\4.8_2014q3\arm-none-eabi\lib\thumb\libc.a(lib_a-mprec.o)
                0x0800b514                __lshift
 .text.__mcmp   0x0800b5d8       0x3c C:\GNUToolsARMEmbedded\4.8_2014q3\arm-none-eabi\lib\thumb\libc.a(lib_a-mprec.o)
                0x0800b5d8                __mcmp
 .text.__mdiff  0x0800b614       0xec C:\GNUToolsARMEmbedded\4.8_2014q3\arm-none-eabi\lib\thumb\libc.a(lib_a-mprec.o)
                0x0800b614                __mdiff
 .text.__ulp    0x0800b700       0x48 C:\GNUToolsARMEmbedded\4.8_2014q3\arm-none-eabi\lib\thumb\libc.a(lib_a-mprec.o)
                0x0800b700                __ulp
 .text.__b2d    0x0800b748       0xb0 C:\GNUToolsARMEmbedded\4.8_2014q3\arm-none-eabi\lib\thumb\libc.a(lib_a-mprec.o)
                0x0800b748                __b2d
 .text.__d2b    0x0800b7f8       0xc0 C:\GNUToolsARMEmbedded\4.8_2014q3\arm-none-eabi\lib\thumb\libc.a(lib_a-mprec.o)
                0x0800b7f8                __d2b
 .text.__ratio  0x0800b8b8       0x74 C:\GNUToolsARMEmbedded\4.8_2014q3\arm-none-eabi\lib\thumb\libc.a(lib_a-mprec.o)
                0x0800b8b8                __ratio
 *fill*         0x0800b92c        0x4 
 .text._mprec_log10
                0x0800b930       0x48 C:\GNUToolsARMEmbedded\4.8_2014q3\arm-none-eabi\lib\thumb\libc.a(lib_a-mprec.o)
                0x0800b930                _mprec_log10
 .text.__copybits
                0x0800b978       0x44 C:\GNUToolsARMEmbedded\4.8_2014q3\arm-none-eabi\lib\thumb\libc.a(lib_a-mprec.o)
                0x0800b978                __copybits
 .text.__any_on
                0x0800b9bc       0x64 C:\GNUToolsARMEmbedded\4.8_2014q3\arm-none-eabi\lib\thumb\libc.a(lib_a-mprec.o)
                0x0800b9bc                __any_on
 .text          0x0800ba20        0x0 C:\GNUToolsARMEmbedded\4.8_2014q3\arm-none-eabi\lib\thumb\libc.a(lib_a-s_fpclassify.o)
 .text.__fpclassifyd
                0x0800ba20       0x5c C:\GNUToolsARMEmbedded\4.8_2014q3\arm-none-eabi\lib\thumb\libc.a(lib_a-s_fpclassify.o)
                0x0800ba20                __fpclassifyd
 .text          0x0800ba7c        0x0 C:\GNUToolsARMEmbedded\4.8_2014q3\arm-none-eabi\lib\thumb\libc.a(lib_a-sbrkr.o)
 .text._sbrk_r  0x0800ba7c       0x28 C:\GNUToolsARMEmbedded\4.8_2014q3\arm-none-eabi\lib\thumb\libc.a(lib_a-sbrkr.o)
                0x0800ba7c                _sbrk_r
 .text          0x0800baa4       0x14 C:\GNUToolsARMEmbedded\4.8_2014q3\arm-none-eabi\lib\thumb\libc.a(lib_a-strcmp.o)
                0x0800baa4                strcmp
 .text          0x0800bab8        0x0 C:\GNUToolsARMEmbedded\4.8_2014q3\arm-none-eabi\lib\thumb\libc.a(lib_a-strlen.o)
 .text.strlen   0x0800bab8       0x10 C:\GNUToolsARMEmbedded\4.8_2014q3\arm-none-eabi\lib\thumb\libc.a(lib_a-strlen.o)
                0x0800bab8                strlen
 .text          0x0800bac8        0x0 C:\GNUToolsARMEmbedded\4.8_2014q3\arm-none-eabi\lib\thumb\libc.a(lib_a-svfiprintf.o)
 .text.__ssprint_r
                0x0800bac8      0x130 C:\GNUToolsARMEmbedded\4.8_2014q3\arm-none-eabi\lib\thumb\libc.a(lib_a-svfiprintf.o)
                0x0800bac8                __ssprint_r
 .text._svfiprintf_r
                0x0800bbf8      0xa84 C:\GNUToolsARMEmbedded\4.8_2014q3\arm-none-eabi\lib\thumb\libc.a(lib_a-svfiprintf.o)
                0x0800bbf8                _svfiprintf_r
 .text          0x0800c67c        0x0 C:\GNUToolsARMEmbedded\4.8_2014q3\arm-none-eabi\lib\thumb\libc.a(lib_a-__atexit.o)
 .text.__register_exitproc
                0x0800c67c       0xc4 C:\GNUToolsARMEmbedded\4.8_2014q3\arm-none-eabi\lib\thumb\libc.a(lib_a-__atexit.o)
                0x0800c67c                __register_exitproc
 .text          0x0800c740        0x0 C:\GNUToolsARMEmbedded\4.8_2014q3\arm-none-eabi\lib\thumb\libc.a(lib_a-callocr.o)
 .text._calloc_r
                0x0800c740       0x64 C:\GNUToolsARMEmbedded\4.8_2014q3\arm-none-eabi\lib\thumb\libc.a(lib_a-callocr.o)
                0x0800c740                _calloc_r
 .text          0x0800c7a4        0x0 C:\GNUToolsARMEmbedded\4.8_2014q3\arm-none-eabi\lib\thumb\libc.a(lib_a-freer.o)
 .text._malloc_trim_r
                0x0800c7a4       0xa4 C:\GNUToolsARMEmbedded\4.8_2014q3\arm-none-eabi\lib\thumb\libc.a(lib_a-freer.o)
                0x0800c7a4                _malloc_trim_r
 .text._free_r  0x0800c848      0x194 C:\GNUToolsARMEmbedded\4.8_2014q3\arm-none-eabi\lib\thumb\libc.a(lib_a-freer.o)
                0x0800c848                _free_r
 .text          0x0800c9dc        0x0 C:\GNUToolsARMEmbedded\4.8_2014q3\arm-none-eabi\lib\thumb\libc.a(lib_a-memmove.o)
 .text.memmove  0x0800c9dc       0xa8 C:\GNUToolsARMEmbedded\4.8_2014q3\arm-none-eabi\lib\thumb\libc.a(lib_a-memmove.o)
                0x0800c9dc                memmove
 .text          0x0800ca84        0x0 C:\GNUToolsARMEmbedded\4.8_2014q3\arm-none-eabi\lib\thumb\libc.a(lib_a-reallocr.o)
 .text._realloc_r
                0x0800ca84      0x36c C:\GNUToolsARMEmbedded\4.8_2014q3\arm-none-eabi\lib\thumb\libc.a(lib_a-reallocr.o)
                0x0800ca84                _realloc_r
 .text          0x0800cdf0        0x0 C:\GNUToolsARMEmbedded\4.8_2014q3\arm-none-eabi\lib\thumb\libc.a(lib_a-reent.o)
 .text.cleanup_glue
                0x0800cdf0       0x20 C:\GNUToolsARMEmbedded\4.8_2014q3\arm-none-eabi\lib\thumb\libc.a(lib_a-reent.o)
                0x0800cdf0                cleanup_glue
 .text._reclaim_reent
                0x0800ce10       0xac C:\GNUToolsARMEmbedded\4.8_2014q3\arm-none-eabi\lib\thumb\libc.a(lib_a-reent.o)
                0x0800ce10                _reclaim_reent
 .text          0x0800cebc        0x0 C:\GNUToolsARMEmbedded\4.8_2014q3\arm-none-eabi\lib\thumb\libm.a(lib_a-s_cos.o)
 *fill*         0x0800cebc        0x4 
 .text.cos      0x0800cec0       0xb0 C:\GNUToolsARMEmbedded\4.8_2014q3\arm-none-eabi\lib\thumb\libm.a(lib_a-s_cos.o)
                0x0800cec0                cos
 .text          0x0800cf70        0x0 C:\GNUToolsARMEmbedded\4.8_2014q3\arm-none-eabi\lib\thumb\libm.a(lib_a-s_floor.o)
 .text.floor    0x0800cf70      0x170 C:\GNUToolsARMEmbedded\4.8_2014q3\arm-none-eabi\lib\thumb\libm.a(lib_a-s_floor.o)
                0x0800cf70                floor
 .text          0x0800d0e0        0x0 C:\GNUToolsARMEmbedded\4.8_2014q3\arm-none-eabi\lib\thumb\libm.a(lib_a-s_sin.o)
 .text.sin      0x0800d0e0       0xb0 C:\GNUToolsARMEmbedded\4.8_2014q3\arm-none-eabi\lib\thumb\libm.a(lib_a-s_sin.o)
                0x0800d0e0                sin
 .text          0x0800d190        0x0 C:\GNUToolsARMEmbedded\4.8_2014q3\arm-none-eabi\lib\thumb\libm.a(lib_a-e_rem_pio2.o)
 .text.__ieee754_rem_pio2
                0x0800d190      0x478 C:\GNUToolsARMEmbedded\4.8_2014q3\arm-none-eabi\lib\thumb\libm.a(lib_a-e_rem_pio2.o)
                0x0800d190                __ieee754_rem_pio2
 .text          0x0800d608        0x0 C:\GNUToolsARMEmbedded\4.8_2014q3\arm-none-eabi\lib\thumb\libm.a(lib_a-k_cos.o)
 .text.__kernel_cos
                0x0800d608      0x250 C:\GNUToolsARMEmbedded\4.8_2014q3\arm-none-eabi\lib\thumb\libm.a(lib_a-k_cos.o)
                0x0800d608                __kernel_cos
 .text          0x0800d858        0x0 C:\GNUToolsARMEmbedded\4.8_2014q3\arm-none-eabi\lib\thumb\libm.a(lib_a-k_rem_pio2.o)
 .text.__kernel_rem_pio2
                0x0800d858      0x830 C:\GNUToolsARMEmbedded\4.8_2014q3\arm-none-eabi\lib\thumb\libm.a(lib_a-k_rem_pio2.o)
                0x0800d858                __kernel_rem_pio2
 .text          0x0800e088        0x0 C:\GNUToolsARMEmbedded\4.8_2014q3\arm-none-eabi\lib\thumb\libm.a(lib_a-k_sin.o)
 .text.__kernel_sin
                0x0800e088      0x160 C:\GNUToolsARMEmbedded\4.8_2014q3\arm-none-eabi\lib\thumb\libm.a(lib_a-k_sin.o)
                0x0800e088                __kernel_sin
 .text          0x0800e1e8        0x0 C:\GNUToolsARMEmbedded\4.8_2014q3\arm-none-eabi\lib\thumb\libm.a(lib_a-s_fabs.o)
 .text.fabs     0x0800e1e8        0x8 C:\GNUToolsARMEmbedded\4.8_2014q3\arm-none-eabi\lib\thumb\libm.a(lib_a-s_fabs.o)
                0x0800e1e8                fabs
 .text          0x0800e1f0        0x0 C:\GNUToolsARMEmbedded\4.8_2014q3\arm-none-eabi\lib\thumb\libm.a(lib_a-s_scalbn.o)
 .text.scalbn   0x0800e1f0      0x110 C:\GNUToolsARMEmbedded\4.8_2014q3\arm-none-eabi\lib\thumb\libm.a(lib_a-s_scalbn.o)
                0x0800e1f0                scalbn
 .text          0x0800e300        0x0 C:\GNUToolsARMEmbedded\4.8_2014q3\arm-none-eabi\lib\thumb\libm.a(lib_a-s_copysign.o)
 .text.copysign
                0x0800e300       0x14 C:\GNUToolsARMEmbedded\4.8_2014q3\arm-none-eabi\lib\thumb\libm.a(lib_a-s_copysign.o)
                0x0800e300                copysign
 .text          0x0800e314        0x0 C:\GNUToolsARMEmbedded\4.8_2014q3\arm-none-eabi\lib\thumb\libnosys.a(sbrk.o)
 .text._sbrk    0x0800e314       0x34 C:\GNUToolsARMEmbedded\4.8_2014q3\arm-none-eabi\lib\thumb\libnosys.a(sbrk.o)
                0x0800e314                _sbrk
 .text          0x0800e348       0x24 c:/gnutoolsarmembedded/4.8_2014q3/bin/../lib/gcc/arm-none-eabi/4.8.4/armv7e-m\libgcc.a(_udivsi3.o)
                0x0800e348                __aeabi_uidiv
                0x0800e348                __udivsi3
                0x0800e35c                __aeabi_uidivmod
 .text          0x0800e36c       0x2c c:/gnutoolsarmembedded/4.8_2014q3/bin/../lib/gcc/arm-none-eabi/4.8.4/armv7e-m\libgcc.a(_divsi3.o)
                0x0800e36c                __divsi3
                0x0800e36c                __aeabi_idiv
                0x0800e388                __aeabi_idivmod
 .text          0x0800e398        0x4 c:/gnutoolsarmembedded/4.8_2014q3/bin/../lib/gcc/arm-none-eabi/4.8.4/armv7e-m\libgcc.a(_dvmd_tls.o)
                0x0800e398                __aeabi_idiv0
                0x0800e398                __aeabi_ldiv0
 .text          0x0800e39c       0x2c c:/gnutoolsarmembedded/4.8_2014q3/bin/../lib/gcc/arm-none-eabi/4.8.4/armv7e-m\libgcc.a(_aeabi_uldivmod.o)
                0x0800e39c                __aeabi_uldivmod
 .text          0x0800e3c8       0x60 c:/gnutoolsarmembedded/4.8_2014q3/bin/../lib/gcc/arm-none-eabi/4.8.4/armv7e-m\libgcc.a(bpabi.o)
                0x0800e3c8                __gnu_ldivmod_helper
                0x0800e3f8                __gnu_uldivmod_helper
 .text          0x0800e428      0x298 c:/gnutoolsarmembedded/4.8_2014q3/bin/../lib/gcc/arm-none-eabi/4.8.4/armv7e-m\libgcc.a(_divdi3.o)
                0x0800e428                __divdi3
 .text          0x0800e6c0      0x284 c:/gnutoolsarmembedded/4.8_2014q3/bin/../lib/gcc/arm-none-eabi/4.8.4/armv7e-m\libgcc.a(_udivdi3.o)
                0x0800e6c0                __udivdi3
 .text          0x0800e944        0x0 c:/gnutoolsarmembedded/4.8_2014q3/bin/../lib/gcc/arm-none-eabi/4.8.4/armv7e-m/crtend.o
 .text          0x0800e944        0x0 c:/gnutoolsarmembedded/4.8_2014q3/bin/../lib/gcc/arm-none-eabi/4.8.4/armv7e-m/crtn.o
 *(.init)
 .init          0x0800e944        0x4 c:/gnutoolsarmembedded/4.8_2014q3/bin/../lib/gcc/arm-none-eabi/4.8.4/armv7e-m/crti.o
                0x0800e944                _init
 .init          0x0800e948        0x8 c:/gnutoolsarmembedded/4.8_2014q3/bin/../lib/gcc/arm-none-eabi/4.8.4/armv7e-m/crtn.o
 *(.fini)
 .fini          0x0800e950        0x4 c:/gnutoolsarmembedded/4.8_2014q3/bin/../lib/gcc/arm-none-eabi/4.8.4/armv7e-m/crti.o
                0x0800e950                _fini
 .fini          0x0800e954        0x8 c:/gnutoolsarmembedded/4.8_2014q3/bin/../lib/gcc/arm-none-eabi/4.8.4/armv7e-m/crtn.o
 *crtbegin.o(.ctors)
 *crtbegin.o(.ctors)
 *crtbegin?.o(.ctors)
 *(EXCLUDE_FILE(*crtend.o *crtend?.o) .ctors)
 *(SORT(.ctors.*))
 *(.ctors)
 *crtbegin.o(.dtors)
 *crtbegin?.o(.dtors)
 *(EXCLUDE_FILE(*crtend.o *crtend?.o) .dtors)
 *(SORT(.dtors.*))
 *(.dtors)
 *(.rodata*)
 .rodata        0x0800e95c     0x29d0 obj/Widget.o
                0x0800e95c                ASCII16x24_Table
                0x0800fb2c                ASCII12x12_Table
                0x0801042c                ASCII8x12_Table
                0x08010d2c                ASCII8x8_Table
 .rodata        0x0801132c       0x20 obj/WidgetConfig.o
                0x0801132c                MyWatchScr
 .rodata        0x0801134c       0x10 obj/code.o
 .rodata        0x0801135c       0x28 obj/debug.o
 .rodata        0x08011384       0x6c obj/eecfg.o
                0x08011384                EE_hal_thread_body
                0x0801138c                EE_terminate_real_th_body
                0x08011394                EE_th_ready_prio
                0x0801139c                EE_th_dispatch_prio
                0x080113a4                EE_counter_ROM
                0x080113b0                EE_alarm_ROM
                0x080113b8                EE_oo_counter_object_ROM
                0x080113d0                EE_oo_action_ROM
 .rodata        0x080113f0    0x26038 obj/pictures.o
                0x080113f0                RightArrow_ON
                0x0801180c                RightArrow_OFF
                0x08011c28                ImageBuffer
 .rodata.str1.4
                0x08037428        0x2 C:\GNUToolsARMEmbedded\4.8_2014q3\arm-none-eabi\lib\thumb\libc.a(lib_a-impure.o)
                                  0x4 (size before relaxing)
 *fill*         0x0803742a        0x2 
 .rodata._global_impure_ptr
                0x0803742c        0x4 C:\GNUToolsARMEmbedded\4.8_2014q3\arm-none-eabi\lib\thumb\libc.a(lib_a-impure.o)
                0x0803742c                _global_impure_ptr
 .rodata._svfprintf_r
                0x08037430      0x164 C:\GNUToolsARMEmbedded\4.8_2014q3\arm-none-eabi\lib\thumb\libc.a(lib_a-svfprintf.o)
 .rodata.zeroes.6763
                0x08037594       0x10 C:\GNUToolsARMEmbedded\4.8_2014q3\arm-none-eabi\lib\thumb\libc.a(lib_a-svfprintf.o)
 .rodata.str1.4
                0x080375a4       0x42 C:\GNUToolsARMEmbedded\4.8_2014q3\arm-none-eabi\lib\thumb\libc.a(lib_a-svfprintf.o)
                                 0x44 (size before relaxing)
 *fill*         0x080375e6        0x2 
 .rodata.blanks.6762
                0x080375e8       0x10 C:\GNUToolsARMEmbedded\4.8_2014q3\arm-none-eabi\lib\thumb\libc.a(lib_a-svfprintf.o)
 .rodata.str1.4
                0x080375f8       0x10 C:\GNUToolsARMEmbedded\4.8_2014q3\arm-none-eabi\lib\thumb\libc.a(lib_a-dtoa.o)
                                 0x14 (size before relaxing)
 .rodata.str1.4
                0x08037608        0xc C:\GNUToolsARMEmbedded\4.8_2014q3\arm-none-eabi\lib\thumb\libc.a(lib_a-locale.o)
                                 0x14 (size before relaxing)
 *fill*         0x08037614        0x4 
 .rodata.__mprec_tens
                0x08037618       0xc8 C:\GNUToolsARMEmbedded\4.8_2014q3\arm-none-eabi\lib\thumb\libc.a(lib_a-mprec.o)
                0x08037618                __mprec_tens
 .rodata.__mprec_bigtens
                0x080376e0       0x28 C:\GNUToolsARMEmbedded\4.8_2014q3\arm-none-eabi\lib\thumb\libc.a(lib_a-mprec.o)
                0x080376e0                __mprec_bigtens
 .rodata.__mprec_tinytens
                0x08037708       0x28 C:\GNUToolsARMEmbedded\4.8_2014q3\arm-none-eabi\lib\thumb\libc.a(lib_a-mprec.o)
                0x08037708                __mprec_tinytens
 .rodata.p05.5269
                0x08037730        0xc C:\GNUToolsARMEmbedded\4.8_2014q3\arm-none-eabi\lib\thumb\libc.a(lib_a-mprec.o)
 .rodata._svfiprintf_r
                0x0803773c      0x164 C:\GNUToolsARMEmbedded\4.8_2014q3\arm-none-eabi\lib\thumb\libc.a(lib_a-svfiprintf.o)
 .rodata.zeroes.6707
                0x080378a0       0x10 C:\GNUToolsARMEmbedded\4.8_2014q3\arm-none-eabi\lib\thumb\libc.a(lib_a-svfiprintf.o)
 .rodata.str1.4
                0x00000000       0x30 C:\GNUToolsARMEmbedded\4.8_2014q3\arm-none-eabi\lib\thumb\libc.a(lib_a-svfiprintf.o)
 .rodata.blanks.6706
                0x080378b0       0x10 C:\GNUToolsARMEmbedded\4.8_2014q3\arm-none-eabi\lib\thumb\libc.a(lib_a-svfiprintf.o)
 .rodata.npio2_hw
                0x080378c0       0x80 C:\GNUToolsARMEmbedded\4.8_2014q3\arm-none-eabi\lib\thumb\libm.a(lib_a-e_rem_pio2.o)
 .rodata.two_over_pi
                0x08037940      0x108 C:\GNUToolsARMEmbedded\4.8_2014q3\arm-none-eabi\lib\thumb\libm.a(lib_a-e_rem_pio2.o)
 .rodata.init_jk
                0x08037a48       0x10 C:\GNUToolsARMEmbedded\4.8_2014q3\arm-none-eabi\lib\thumb\libm.a(lib_a-k_rem_pio2.o)
 .rodata.PIo2   0x08037a58       0x40 C:\GNUToolsARMEmbedded\4.8_2014q3\arm-none-eabi\lib\thumb\libm.a(lib_a-k_rem_pio2.o)
 *(.eh_frame*)
 .eh_frame      0x08037a98        0x0 c:/gnutoolsarmembedded/4.8_2014q3/bin/../lib/gcc/arm-none-eabi/4.8.4/armv7e-m/crtbegin.o
 .eh_frame      0x08037a98        0x4 c:/gnutoolsarmembedded/4.8_2014q3/bin/../lib/gcc/arm-none-eabi/4.8.4/armv7e-m/crtend.o

.glue_7         0x08037a9c        0x0
 .glue_7        0x00000000        0x0 linker stubs

.glue_7t        0x08037a9c        0x0
 .glue_7t       0x00000000        0x0 linker stubs

.vfp11_veneer   0x08037a9c        0x0
 .vfp11_veneer  0x00000000        0x0 linker stubs

.v4_bx          0x08037a9c        0x0
 .v4_bx         0x00000000        0x0 linker stubs

.iplt           0x08037a9c        0x0
 .iplt          0x00000000        0x0 c:/gnutoolsarmembedded/4.8_2014q3/bin/../lib/gcc/arm-none-eabi/4.8.4/armv7e-m/crtbegin.o

.ARM.extab      0x08037a9c        0x0
 *(.ARM.extab* .gnu.linkonce.armextab.*)
 .ARM.extab     0x08037a9c        0x0 c:/gnutoolsarmembedded/4.8_2014q3/bin/../lib/gcc/arm-none-eabi/4.8.4/../../../../arm-none-eabi/lib/armv7e-m/crt0.o
 .ARM.extab     0x08037a9c        0x0 c:/gnutoolsarmembedded/4.8_2014q3/bin/../lib/gcc/arm-none-eabi/4.8.4/armv7e-m\libgcc.a(_divdi3.o)
 .ARM.extab     0x08037a9c        0x0 c:/gnutoolsarmembedded/4.8_2014q3/bin/../lib/gcc/arm-none-eabi/4.8.4/armv7e-m\libgcc.a(_udivdi3.o)
                0x08037a9c                __exidx_start = .

.ARM.exidx      0x08037a9c        0x8
 *(.ARM.exidx* .gnu.linkonce.armexidx.*)
 .ARM.exidx     0x08037a9c        0x8 c:/gnutoolsarmembedded/4.8_2014q3/bin/../lib/gcc/arm-none-eabi/4.8.4/../../../../arm-none-eabi/lib/armv7e-m/crt0.o
 .ARM.exidx     0x08037aa4        0x0 c:/gnutoolsarmembedded/4.8_2014q3/bin/../lib/gcc/arm-none-eabi/4.8.4/armv7e-m\libgcc.a(_divdi3.o)
                                  0x8 (size before relaxing)
 .ARM.exidx     0x08037aa4        0x0 c:/gnutoolsarmembedded/4.8_2014q3/bin/../lib/gcc/arm-none-eabi/4.8.4/armv7e-m\libgcc.a(_udivdi3.o)
                                  0x8 (size before relaxing)
                0x08037aa4                __exidx_end = .
                0x08037aa4                __etext = .

.rel.dyn        0x08037aa4        0x0
 .rel.iplt      0x00000000        0x0 c:/gnutoolsarmembedded/4.8_2014q3/bin/../lib/gcc/arm-none-eabi/4.8.4/armv7e-m/crtbegin.o

.data           0x20000000      0x9a8 load address 0x08037aa4
                0x20000000                __data_start__ = .
 *(vtable)
 *(.data*)
 .data          0x20000000        0x0 c:/gnutoolsarmembedded/4.8_2014q3/bin/../lib/gcc/arm-none-eabi/4.8.4/armv7e-m/crti.o
 .data          0x20000000        0x4 c:/gnutoolsarmembedded/4.8_2014q3/bin/../lib/gcc/arm-none-eabi/4.8.4/armv7e-m/crtbegin.o
                0x20000000                __dso_handle
 .data          0x20000004        0x0 c:/gnutoolsarmembedded/4.8_2014q3/bin/../lib/gcc/arm-none-eabi/4.8.4/../../../../arm-none-eabi/lib/armv7e-m/crt0.o
 .data          0x20000004        0x0 obj/Event.o
 .data          0x20000004        0x4 obj/STMPE811QTR.o
                0x20000004                IOE_TimeOut
 .data          0x20000008       0x14 obj/Touch.o
 .data          0x2000001c       0x58 obj/Widget.o
                0x2000001c                Font48x72
                0x20000028                Font32x48
                0x20000034                Font24x36
                0x20000040                Font16x24
                0x2000004c                Font12x12
                0x20000058                Font8x12
                0x20000064                Font8x8
 .data          0x20000074       0x18 obj/WidgetConfig.o
                0x20000074                RightArrow
                0x20000080                txt
                0x20000088                backg
 .data          0x2000008c        0x0 obj/code.o
 .data          0x2000008c        0x0 obj/debug.o
 .data          0x2000008c       0x30 obj/eecfg.o
                0x2000008c                EE_th_status
                0x20000094                EE_th_next
                0x2000009c                EE_stkfirst
                0x200000a0                EE_th_rnact
                0x200000a8                EE_rq_first
                0x200000ac                EE_th_terminate_nextask
                0x200000b4                EE_counter_RAM
 .data          0x200000bc        0x0 obj/pictures.o
 .data          0x200000bc        0x0 obj/pkg/mcu/st_stm32_stm32f4xx/src/startup_stm32f4xx_gnu.o
 .data          0x200000bc       0x14 obj/pkg/mcu/st_stm32_stm32f4xx/src/system_stm32f4xx.o
                0x200000bc                SystemCoreClock
                0x200000c0                AHBPrescTable
 .data          0x200000d0        0x0 libee.a(ee_hal_structs.o)
 .data          0x200000d0        0x0 libee.a(ee_utils.o)
 .data          0x200000d0        0x0 libee.a(ee_gnu_change_context_isr.o)
 .data          0x200000d0        0x0 libee.a(ee_irqendin.o)
 .data          0x200000d0        0x0 libee.a(ee_tstub.o)
 .data          0x200000d0        0x0 libee.a(ee_lookup.o)
 .data          0x200000d0        0x0 libee.a(ee_rq_exchg.o)
 .data          0x200000d0        0x0 libee.a(ee_alsetrel.o)
 .data          0x200000d0        0x0 libee.a(ee_altick.o)
 .data          0x200000d0        0x0 libee.a(ee_context.o)
 .data          0x200000d0        0x0 libee.a(ee_gnu_oo.o)
 .data          0x200000d0        0x0 libee.a(ee_tnterm.o)
 .data          0x200000d0        0x0 libee.a(ee_rq_inser.o)
 .data          0x200000d0        0x0 libee.a(ee_context.o)
 .data          0x200000d0        0x0 libee.a(ee_thendin.o)
 .data          0x200000d0        0x0 libstm32f4xxspd.a(stm32f4xx_dma.o)
 .data          0x200000d0        0x0 libstm32f4xxspd.a(stm32f4xx_fsmc.o)
 .data          0x200000d0        0x0 libstm32f4xxspd.a(stm32f4xx_gpio.o)
 .data          0x200000d0        0x0 libstm32f4xxspd.a(stm32f4xx_i2c.o)
 .data          0x200000d0       0x10 libstm32f4xxspd.a(stm32f4xx_rcc.o)
 .data          0x200000e0        0x0 c:/gnutoolsarmembedded/4.8_2014q3/bin/../lib/gcc/arm-none-eabi/4.8.4/armv7e-m\libgcc.a(_arm_addsubdf3.o)
 .data          0x200000e0        0x0 c:/gnutoolsarmembedded/4.8_2014q3/bin/../lib/gcc/arm-none-eabi/4.8.4/armv7e-m\libgcc.a(_arm_muldivdf3.o)
 .data          0x200000e0        0x0 c:/gnutoolsarmembedded/4.8_2014q3/bin/../lib/gcc/arm-none-eabi/4.8.4/armv7e-m\libgcc.a(_arm_cmpdf2.o)
 .data          0x200000e0        0x0 c:/gnutoolsarmembedded/4.8_2014q3/bin/../lib/gcc/arm-none-eabi/4.8.4/armv7e-m\libgcc.a(_arm_fixdfsi.o)
 .data          0x200000e0        0x0 c:/gnutoolsarmembedded/4.8_2014q3/bin/../lib/gcc/arm-none-eabi/4.8.4/armv7e-m\libgcc.a(_arm_addsubsf3.o)
 .data          0x200000e0        0x0 c:/gnutoolsarmembedded/4.8_2014q3/bin/../lib/gcc/arm-none-eabi/4.8.4/armv7e-m\libgcc.a(_arm_muldivsf3.o)
 .data          0x200000e0        0x0 c:/gnutoolsarmembedded/4.8_2014q3/bin/../lib/gcc/arm-none-eabi/4.8.4/armv7e-m\libgcc.a(_arm_fixsfsi.o)
 .data          0x200000e0        0x0 c:/gnutoolsarmembedded/4.8_2014q3/bin/../lib/gcc/arm-none-eabi/4.8.4/armv7e-m\libgcc.a(_arm_fixunssfsi.o)
 .data          0x200000e0        0x0 C:\GNUToolsARMEmbedded\4.8_2014q3\arm-none-eabi\lib\thumb\libc.a(lib_a-exit.o)
 .data          0x200000e0        0x0 C:\GNUToolsARMEmbedded\4.8_2014q3\arm-none-eabi\lib\thumb\libc.a(lib_a-impure.o)
 .data.impure_data
                0x200000e0      0x428 C:\GNUToolsARMEmbedded\4.8_2014q3\arm-none-eabi\lib\thumb\libc.a(lib_a-impure.o)
 .data._impure_ptr
                0x20000508        0x4 C:\GNUToolsARMEmbedded\4.8_2014q3\arm-none-eabi\lib\thumb\libc.a(lib_a-impure.o)
                0x20000508                _impure_ptr
 .data          0x2000050c        0x0 C:\GNUToolsARMEmbedded\4.8_2014q3\arm-none-eabi\lib\thumb\libc.a(lib_a-init.o)
 .data          0x2000050c        0x0 C:\GNUToolsARMEmbedded\4.8_2014q3\arm-none-eabi\lib\thumb\libc.a(lib_a-memset.o)
 .data          0x2000050c        0x0 C:\GNUToolsARMEmbedded\4.8_2014q3\arm-none-eabi\lib\thumb\libc.a(lib_a-sprintf.o)
 .data          0x2000050c        0x0 C:\GNUToolsARMEmbedded\4.8_2014q3\arm-none-eabi\lib\thumb\libc.a(lib_a-svfprintf.o)
 .data          0x2000050c        0x0 C:\GNUToolsARMEmbedded\4.8_2014q3\arm-none-eabi\lib\thumb\libc.a(lib_a-__call_atexit.o)
 .data          0x2000050c        0x0 C:\GNUToolsARMEmbedded\4.8_2014q3\arm-none-eabi\lib\thumb\libc.a(lib_a-atexit.o)
 .data          0x2000050c        0x0 C:\GNUToolsARMEmbedded\4.8_2014q3\arm-none-eabi\lib\thumb\libc.a(lib_a-dtoa.o)
 .data          0x2000050c        0x0 C:\GNUToolsARMEmbedded\4.8_2014q3\arm-none-eabi\lib\thumb\libc.a(lib_a-fini.o)
 .data          0x2000050c        0x0 C:\GNUToolsARMEmbedded\4.8_2014q3\arm-none-eabi\lib\thumb\libc.a(lib_a-locale.o)
 .data.lc_message_charset
                0x2000050c       0x20 C:\GNUToolsARMEmbedded\4.8_2014q3\arm-none-eabi\lib\thumb\libc.a(lib_a-locale.o)
 .data.lconv    0x2000052c       0x38 C:\GNUToolsARMEmbedded\4.8_2014q3\arm-none-eabi\lib\thumb\libc.a(lib_a-locale.o)
 .data.lc_ctype_charset
                0x20000564       0x20 C:\GNUToolsARMEmbedded\4.8_2014q3\arm-none-eabi\lib\thumb\libc.a(lib_a-locale.o)
 .data.__mb_cur_max
                0x20000584        0x4 C:\GNUToolsARMEmbedded\4.8_2014q3\arm-none-eabi\lib\thumb\libc.a(lib_a-locale.o)
                0x20000584                __mb_cur_max
 .data          0x20000588        0x0 C:\GNUToolsARMEmbedded\4.8_2014q3\arm-none-eabi\lib\thumb\libc.a(lib_a-mallocr.o)
 .data.__malloc_av_
                0x20000588      0x408 C:\GNUToolsARMEmbedded\4.8_2014q3\arm-none-eabi\lib\thumb\libc.a(lib_a-mallocr.o)
                0x20000588                __malloc_av_
 .data.__malloc_trim_threshold
                0x20000990        0x4 C:\GNUToolsARMEmbedded\4.8_2014q3\arm-none-eabi\lib\thumb\libc.a(lib_a-mallocr.o)
                0x20000990                __malloc_trim_threshold
 .data.__malloc_sbrk_base
                0x20000994        0x4 C:\GNUToolsARMEmbedded\4.8_2014q3\arm-none-eabi\lib\thumb\libc.a(lib_a-mallocr.o)
                0x20000994                __malloc_sbrk_base
 .data          0x20000998        0x0 C:\GNUToolsARMEmbedded\4.8_2014q3\arm-none-eabi\lib\thumb\libc.a(lib_a-memchr-stub.o)
 .data          0x20000998        0x0 C:\GNUToolsARMEmbedded\4.8_2014q3\arm-none-eabi\lib\thumb\libc.a(lib_a-memcpy-stub.o)
 .data          0x20000998        0x0 C:\GNUToolsARMEmbedded\4.8_2014q3\arm-none-eabi\lib\thumb\libc.a(lib_a-mlock.o)
 .data          0x20000998        0x0 C:\GNUToolsARMEmbedded\4.8_2014q3\arm-none-eabi\lib\thumb\libc.a(lib_a-mprec.o)
 .data          0x20000998        0x0 C:\GNUToolsARMEmbedded\4.8_2014q3\arm-none-eabi\lib\thumb\libc.a(lib_a-s_fpclassify.o)
 .data          0x20000998        0x0 C:\GNUToolsARMEmbedded\4.8_2014q3\arm-none-eabi\lib\thumb\libc.a(lib_a-sbrkr.o)
 .data          0x20000998        0x0 C:\GNUToolsARMEmbedded\4.8_2014q3\arm-none-eabi\lib\thumb\libc.a(lib_a-strcmp.o)
 .data          0x20000998        0x0 C:\GNUToolsARMEmbedded\4.8_2014q3\arm-none-eabi\lib\thumb\libc.a(lib_a-strlen.o)
 .data          0x20000998        0x0 C:\GNUToolsARMEmbedded\4.8_2014q3\arm-none-eabi\lib\thumb\libc.a(lib_a-svfiprintf.o)
 .data          0x20000998        0x0 C:\GNUToolsARMEmbedded\4.8_2014q3\arm-none-eabi\lib\thumb\libc.a(lib_a-__atexit.o)
 .data          0x20000998        0x0 C:\GNUToolsARMEmbedded\4.8_2014q3\arm-none-eabi\lib\thumb\libc.a(lib_a-callocr.o)
 .data          0x20000998        0x0 C:\GNUToolsARMEmbedded\4.8_2014q3\arm-none-eabi\lib\thumb\libc.a(lib_a-freer.o)
 .data          0x20000998        0x0 C:\GNUToolsARMEmbedded\4.8_2014q3\arm-none-eabi\lib\thumb\libc.a(lib_a-memmove.o)
 .data          0x20000998        0x0 C:\GNUToolsARMEmbedded\4.8_2014q3\arm-none-eabi\lib\thumb\libc.a(lib_a-reallocr.o)
 .data          0x20000998        0x0 C:\GNUToolsARMEmbedded\4.8_2014q3\arm-none-eabi\lib\thumb\libc.a(lib_a-reent.o)
 .data          0x20000998        0x0 C:\GNUToolsARMEmbedded\4.8_2014q3\arm-none-eabi\lib\thumb\libm.a(lib_a-s_cos.o)
 .data          0x20000998        0x0 C:\GNUToolsARMEmbedded\4.8_2014q3\arm-none-eabi\lib\thumb\libm.a(lib_a-s_floor.o)
 .data          0x20000998        0x0 C:\GNUToolsARMEmbedded\4.8_2014q3\arm-none-eabi\lib\thumb\libm.a(lib_a-s_sin.o)
 .data          0x20000998        0x0 C:\GNUToolsARMEmbedded\4.8_2014q3\arm-none-eabi\lib\thumb\libm.a(lib_a-e_rem_pio2.o)
 .data          0x20000998        0x0 C:\GNUToolsARMEmbedded\4.8_2014q3\arm-none-eabi\lib\thumb\libm.a(lib_a-k_cos.o)
 .data          0x20000998        0x0 C:\GNUToolsARMEmbedded\4.8_2014q3\arm-none-eabi\lib\thumb\libm.a(lib_a-k_rem_pio2.o)
 .data          0x20000998        0x0 C:\GNUToolsARMEmbedded\4.8_2014q3\arm-none-eabi\lib\thumb\libm.a(lib_a-k_sin.o)
 .data          0x20000998        0x0 C:\GNUToolsARMEmbedded\4.8_2014q3\arm-none-eabi\lib\thumb\libm.a(lib_a-s_fabs.o)
 .data          0x20000998        0x0 C:\GNUToolsARMEmbedded\4.8_2014q3\arm-none-eabi\lib\thumb\libm.a(lib_a-s_scalbn.o)
 .data          0x20000998        0x0 C:\GNUToolsARMEmbedded\4.8_2014q3\arm-none-eabi\lib\thumb\libm.a(lib_a-s_copysign.o)
 .data          0x20000998        0x0 C:\GNUToolsARMEmbedded\4.8_2014q3\arm-none-eabi\lib\thumb\libnosys.a(sbrk.o)
 .data          0x20000998        0x0 c:/gnutoolsarmembedded/4.8_2014q3/bin/../lib/gcc/arm-none-eabi/4.8.4/armv7e-m\libgcc.a(_udivsi3.o)
 .data          0x20000998        0x0 c:/gnutoolsarmembedded/4.8_2014q3/bin/../lib/gcc/arm-none-eabi/4.8.4/armv7e-m\libgcc.a(_divsi3.o)
 .data          0x20000998        0x0 c:/gnutoolsarmembedded/4.8_2014q3/bin/../lib/gcc/arm-none-eabi/4.8.4/armv7e-m\libgcc.a(_dvmd_tls.o)
 .data          0x20000998        0x0 c:/gnutoolsarmembedded/4.8_2014q3/bin/../lib/gcc/arm-none-eabi/4.8.4/armv7e-m\libgcc.a(_aeabi_uldivmod.o)
 .data          0x20000998        0x0 c:/gnutoolsarmembedded/4.8_2014q3/bin/../lib/gcc/arm-none-eabi/4.8.4/armv7e-m\libgcc.a(bpabi.o)
 .data          0x20000998        0x0 c:/gnutoolsarmembedded/4.8_2014q3/bin/../lib/gcc/arm-none-eabi/4.8.4/armv7e-m\libgcc.a(_divdi3.o)
 .data          0x20000998        0x0 c:/gnutoolsarmembedded/4.8_2014q3/bin/../lib/gcc/arm-none-eabi/4.8.4/armv7e-m\libgcc.a(_udivdi3.o)
 .data          0x20000998        0x0 c:/gnutoolsarmembedded/4.8_2014q3/bin/../lib/gcc/arm-none-eabi/4.8.4/armv7e-m/crtend.o
 .data          0x20000998        0x0 c:/gnutoolsarmembedded/4.8_2014q3/bin/../lib/gcc/arm-none-eabi/4.8.4/armv7e-m/crtn.o
                0x20000998                . = ALIGN (0x4)
                0x20000998                PROVIDE (__preinit_array_start, .)
 *(.preinit_array)
                0x20000998                PROVIDE (__preinit_array_end, .)
                0x20000998                . = ALIGN (0x4)
                0x20000998                PROVIDE (__init_array_start, .)
 *(SORT(.init_array.*))
 .init_array.00000
                0x20000998        0x4 C:\GNUToolsARMEmbedded\4.8_2014q3\arm-none-eabi\lib\thumb\libc.a(lib_a-__call_atexit.o)
 *(.init_array)
 .init_array    0x2000099c        0x4 c:/gnutoolsarmembedded/4.8_2014q3/bin/../lib/gcc/arm-none-eabi/4.8.4/armv7e-m/crtbegin.o
                0x200009a0                PROVIDE (__init_array_end, .)
                0x200009a0                . = ALIGN (0x4)
                0x200009a0                PROVIDE (__fini_array_start, .)
 *(SORT(.fini_array.*))
 *(.fini_array)
 .fini_array    0x200009a0        0x4 c:/gnutoolsarmembedded/4.8_2014q3/bin/../lib/gcc/arm-none-eabi/4.8.4/armv7e-m/crtbegin.o
                0x200009a4                PROVIDE (__fini_array_end, .)
 *(.jcr*)
 .jcr           0x200009a4        0x0 c:/gnutoolsarmembedded/4.8_2014q3/bin/../lib/gcc/arm-none-eabi/4.8.4/armv7e-m/crtbegin.o
 .jcr           0x200009a4        0x4 c:/gnutoolsarmembedded/4.8_2014q3/bin/../lib/gcc/arm-none-eabi/4.8.4/armv7e-m/crtend.o
                0x200009a8                . = ALIGN (0x4)
                0x200009a8                __data_end__ = .

.igot.plt       0x200009a8        0x0 load address 0x0803844c
 .igot.plt      0x00000000        0x0 c:/gnutoolsarmembedded/4.8_2014q3/bin/../lib/gcc/arm-none-eabi/4.8.4/armv7e-m/crtbegin.o

.bss            0x200009a8       0xf8 load address 0x0803844c
                0x200009a8                . = ALIGN (0x4)
                0x200009a8                __bss_start__ = .
 *(.bss*)
 .bss           0x200009a8        0x0 c:/gnutoolsarmembedded/4.8_2014q3/bin/../lib/gcc/arm-none-eabi/4.8.4/armv7e-m/crti.o
 .bss           0x200009a8       0x1c c:/gnutoolsarmembedded/4.8_2014q3/bin/../lib/gcc/arm-none-eabi/4.8.4/armv7e-m/crtbegin.o
 .bss           0x200009c4        0x0 c:/gnutoolsarmembedded/4.8_2014q3/bin/../lib/gcc/arm-none-eabi/4.8.4/../../../../arm-none-eabi/lib/armv7e-m/crt0.o
 .bss           0x200009c4        0x0 obj/Event.o
 .bss           0x200009c4        0x4 obj/STMPE811QTR.o
 .bss           0x200009c8        0x0 obj/Touch.o
 .bss           0x200009c8        0x8 obj/Widget.o
 .bss           0x200009d0        0x0 obj/WidgetConfig.o
 .bss           0x200009d0       0x10 obj/code.o
                0x200009d0                hours
                0x200009d1                minutes
                0x200009d2                seconds
                0x200009d3                tenths
                0x200009d4                mode
 .bss           0x200009e0        0x0 obj/debug.o
 .bss           0x200009e0        0x4 obj/eecfg.o
                0x200009e0                EE_sys_ceiling
 .bss           0x200009e4        0x0 obj/pictures.o
 .bss           0x200009e4        0x0 obj/pkg/mcu/st_stm32_stm32f4xx/src/startup_stm32f4xx_gnu.o
 .bss           0x200009e4        0x0 obj/pkg/mcu/st_stm32_stm32f4xx/src/system_stm32f4xx.o
 .bss           0x200009e4        0x0 libee.a(ee_hal_structs.o)
 .bss           0x200009e4        0x0 libee.a(ee_utils.o)
 .bss           0x200009e4        0x0 libee.a(ee_gnu_change_context_isr.o)
 .bss           0x200009e4        0x0 libee.a(ee_irqendin.o)
 .bss           0x200009e4        0x0 libee.a(ee_tstub.o)
 .bss           0x200009e4        0x0 libee.a(ee_lookup.o)
 .bss           0x200009e4        0x0 libee.a(ee_rq_exchg.o)
 .bss           0x200009e4        0x0 libee.a(ee_alsetrel.o)
 .bss           0x200009e4        0x0 libee.a(ee_altick.o)
 .bss           0x200009e4        0x0 libee.a(ee_context.o)
 .bss           0x200009e4        0x0 libee.a(ee_gnu_oo.o)
 .bss           0x200009e4        0x0 libee.a(ee_tnterm.o)
 .bss           0x200009e4        0x0 libee.a(ee_rq_inser.o)
 .bss           0x200009e4        0x0 libee.a(ee_context.o)
 .bss           0x200009e4        0x0 libee.a(ee_thendin.o)
 .bss           0x200009e4        0x0 libstm32f4xxspd.a(stm32f4xx_dma.o)
 .bss           0x200009e4        0x0 libstm32f4xxspd.a(stm32f4xx_fsmc.o)
 .bss           0x200009e4        0x0 libstm32f4xxspd.a(stm32f4xx_gpio.o)
 .bss           0x200009e4        0x0 libstm32f4xxspd.a(stm32f4xx_i2c.o)
 .bss           0x200009e4        0x0 libstm32f4xxspd.a(stm32f4xx_rcc.o)
 .bss           0x200009e4        0x0 c:/gnutoolsarmembedded/4.8_2014q3/bin/../lib/gcc/arm-none-eabi/4.8.4/armv7e-m\libgcc.a(_arm_addsubdf3.o)
 .bss           0x200009e4        0x0 c:/gnutoolsarmembedded/4.8_2014q3/bin/../lib/gcc/arm-none-eabi/4.8.4/armv7e-m\libgcc.a(_arm_muldivdf3.o)
 .bss           0x200009e4        0x0 c:/gnutoolsarmembedded/4.8_2014q3/bin/../lib/gcc/arm-none-eabi/4.8.4/armv7e-m\libgcc.a(_arm_cmpdf2.o)
 .bss           0x200009e4        0x0 c:/gnutoolsarmembedded/4.8_2014q3/bin/../lib/gcc/arm-none-eabi/4.8.4/armv7e-m\libgcc.a(_arm_fixdfsi.o)
 .bss           0x200009e4        0x0 c:/gnutoolsarmembedded/4.8_2014q3/bin/../lib/gcc/arm-none-eabi/4.8.4/armv7e-m\libgcc.a(_arm_addsubsf3.o)
 .bss           0x200009e4        0x0 c:/gnutoolsarmembedded/4.8_2014q3/bin/../lib/gcc/arm-none-eabi/4.8.4/armv7e-m\libgcc.a(_arm_muldivsf3.o)
 .bss           0x200009e4        0x0 c:/gnutoolsarmembedded/4.8_2014q3/bin/../lib/gcc/arm-none-eabi/4.8.4/armv7e-m\libgcc.a(_arm_fixsfsi.o)
 .bss           0x200009e4        0x0 c:/gnutoolsarmembedded/4.8_2014q3/bin/../lib/gcc/arm-none-eabi/4.8.4/armv7e-m\libgcc.a(_arm_fixunssfsi.o)
 .bss           0x200009e4        0x0 C:\GNUToolsARMEmbedded\4.8_2014q3\arm-none-eabi\lib\thumb\libc.a(lib_a-exit.o)
 .bss           0x200009e4        0x0 C:\GNUToolsARMEmbedded\4.8_2014q3\arm-none-eabi\lib\thumb\libc.a(lib_a-impure.o)
 .bss           0x200009e4        0x0 C:\GNUToolsARMEmbedded\4.8_2014q3\arm-none-eabi\lib\thumb\libc.a(lib_a-init.o)
 .bss           0x200009e4        0x0 C:\GNUToolsARMEmbedded\4.8_2014q3\arm-none-eabi\lib\thumb\libc.a(lib_a-memset.o)
 .bss           0x200009e4        0x0 C:\GNUToolsARMEmbedded\4.8_2014q3\arm-none-eabi\lib\thumb\libc.a(lib_a-sprintf.o)
 .bss           0x200009e4        0x0 C:\GNUToolsARMEmbedded\4.8_2014q3\arm-none-eabi\lib\thumb\libc.a(lib_a-svfprintf.o)
 .bss           0x200009e4        0x0 C:\GNUToolsARMEmbedded\4.8_2014q3\arm-none-eabi\lib\thumb\libc.a(lib_a-__call_atexit.o)
 .bss           0x200009e4        0x0 C:\GNUToolsARMEmbedded\4.8_2014q3\arm-none-eabi\lib\thumb\libc.a(lib_a-atexit.o)
 .bss           0x200009e4        0x0 C:\GNUToolsARMEmbedded\4.8_2014q3\arm-none-eabi\lib\thumb\libc.a(lib_a-dtoa.o)
 .bss           0x200009e4        0x0 C:\GNUToolsARMEmbedded\4.8_2014q3\arm-none-eabi\lib\thumb\libc.a(lib_a-fini.o)
 .bss           0x200009e4        0x0 C:\GNUToolsARMEmbedded\4.8_2014q3\arm-none-eabi\lib\thumb\libc.a(lib_a-locale.o)
 .bss._PathLocale
                0x200009e4        0x4 C:\GNUToolsARMEmbedded\4.8_2014q3\arm-none-eabi\lib\thumb\libc.a(lib_a-locale.o)
                0x200009e4                _PathLocale
 .bss.__nlocale_changed
                0x200009e8        0x4 C:\GNUToolsARMEmbedded\4.8_2014q3\arm-none-eabi\lib\thumb\libc.a(lib_a-locale.o)
                0x200009e8                __nlocale_changed
 .bss.__mlocale_changed
                0x200009ec        0x4 C:\GNUToolsARMEmbedded\4.8_2014q3\arm-none-eabi\lib\thumb\libc.a(lib_a-locale.o)
                0x200009ec                __mlocale_changed
 .bss           0x200009f0        0x0 C:\GNUToolsARMEmbedded\4.8_2014q3\arm-none-eabi\lib\thumb\libc.a(lib_a-mallocr.o)
 .bss.__malloc_max_total_mem
                0x200009f0        0x4 C:\GNUToolsARMEmbedded\4.8_2014q3\arm-none-eabi\lib\thumb\libc.a(lib_a-mallocr.o)
                0x200009f0                __malloc_max_total_mem
 .bss.__malloc_max_sbrked_mem
                0x200009f4        0x4 C:\GNUToolsARMEmbedded\4.8_2014q3\arm-none-eabi\lib\thumb\libc.a(lib_a-mallocr.o)
                0x200009f4                __malloc_max_sbrked_mem
 .bss.__malloc_top_pad
                0x200009f8        0x4 C:\GNUToolsARMEmbedded\4.8_2014q3\arm-none-eabi\lib\thumb\libc.a(lib_a-mallocr.o)
                0x200009f8                __malloc_top_pad
 .bss.__malloc_current_mallinfo
                0x200009fc       0x28 C:\GNUToolsARMEmbedded\4.8_2014q3\arm-none-eabi\lib\thumb\libc.a(lib_a-mallocr.o)
                0x200009fc                __malloc_current_mallinfo
 .bss           0x20000a24        0x0 C:\GNUToolsARMEmbedded\4.8_2014q3\arm-none-eabi\lib\thumb\libc.a(lib_a-memchr-stub.o)
 .bss           0x20000a24        0x0 C:\GNUToolsARMEmbedded\4.8_2014q3\arm-none-eabi\lib\thumb\libc.a(lib_a-memcpy-stub.o)
 .bss           0x20000a24        0x0 C:\GNUToolsARMEmbedded\4.8_2014q3\arm-none-eabi\lib\thumb\libc.a(lib_a-mlock.o)
 .bss           0x20000a24        0x0 C:\GNUToolsARMEmbedded\4.8_2014q3\arm-none-eabi\lib\thumb\libc.a(lib_a-mprec.o)
 .bss           0x20000a24        0x0 C:\GNUToolsARMEmbedded\4.8_2014q3\arm-none-eabi\lib\thumb\libc.a(lib_a-s_fpclassify.o)
 .bss           0x20000a24        0x0 C:\GNUToolsARMEmbedded\4.8_2014q3\arm-none-eabi\lib\thumb\libc.a(lib_a-sbrkr.o)
 .bss           0x20000a24        0x0 C:\GNUToolsARMEmbedded\4.8_2014q3\arm-none-eabi\lib\thumb\libc.a(lib_a-strcmp.o)
 .bss           0x20000a24        0x0 C:\GNUToolsARMEmbedded\4.8_2014q3\arm-none-eabi\lib\thumb\libc.a(lib_a-strlen.o)
 .bss           0x20000a24        0x0 C:\GNUToolsARMEmbedded\4.8_2014q3\arm-none-eabi\lib\thumb\libc.a(lib_a-svfiprintf.o)
 .bss           0x20000a24        0x0 C:\GNUToolsARMEmbedded\4.8_2014q3\arm-none-eabi\lib\thumb\libc.a(lib_a-__atexit.o)
 .bss           0x20000a24        0x0 C:\GNUToolsARMEmbedded\4.8_2014q3\arm-none-eabi\lib\thumb\libc.a(lib_a-callocr.o)
 .bss           0x20000a24        0x0 C:\GNUToolsARMEmbedded\4.8_2014q3\arm-none-eabi\lib\thumb\libc.a(lib_a-freer.o)
 .bss           0x20000a24        0x0 C:\GNUToolsARMEmbedded\4.8_2014q3\arm-none-eabi\lib\thumb\libc.a(lib_a-memmove.o)
 .bss           0x20000a24        0x0 C:\GNUToolsARMEmbedded\4.8_2014q3\arm-none-eabi\lib\thumb\libc.a(lib_a-reallocr.o)
 .bss           0x20000a24        0x0 C:\GNUToolsARMEmbedded\4.8_2014q3\arm-none-eabi\lib\thumb\libc.a(lib_a-reent.o)
 .bss           0x20000a24        0x0 C:\GNUToolsARMEmbedded\4.8_2014q3\arm-none-eabi\lib\thumb\libm.a(lib_a-s_cos.o)
 .bss           0x20000a24        0x0 C:\GNUToolsARMEmbedded\4.8_2014q3\arm-none-eabi\lib\thumb\libm.a(lib_a-s_floor.o)
 .bss           0x20000a24        0x0 C:\GNUToolsARMEmbedded\4.8_2014q3\arm-none-eabi\lib\thumb\libm.a(lib_a-s_sin.o)
 .bss           0x20000a24        0x0 C:\GNUToolsARMEmbedded\4.8_2014q3\arm-none-eabi\lib\thumb\libm.a(lib_a-e_rem_pio2.o)
 .bss           0x20000a24        0x0 C:\GNUToolsARMEmbedded\4.8_2014q3\arm-none-eabi\lib\thumb\libm.a(lib_a-k_cos.o)
 .bss           0x20000a24        0x0 C:\GNUToolsARMEmbedded\4.8_2014q3\arm-none-eabi\lib\thumb\libm.a(lib_a-k_rem_pio2.o)
 .bss           0x20000a24        0x0 C:\GNUToolsARMEmbedded\4.8_2014q3\arm-none-eabi\lib\thumb\libm.a(lib_a-k_sin.o)
 .bss           0x20000a24        0x0 C:\GNUToolsARMEmbedded\4.8_2014q3\arm-none-eabi\lib\thumb\libm.a(lib_a-s_fabs.o)
 .bss           0x20000a24        0x0 C:\GNUToolsARMEmbedded\4.8_2014q3\arm-none-eabi\lib\thumb\libm.a(lib_a-s_scalbn.o)
 .bss           0x20000a24        0x0 C:\GNUToolsARMEmbedded\4.8_2014q3\arm-none-eabi\lib\thumb\libm.a(lib_a-s_copysign.o)
 .bss           0x20000a24        0x0 C:\GNUToolsARMEmbedded\4.8_2014q3\arm-none-eabi\lib\thumb\libnosys.a(sbrk.o)
 .bss.heap_end.4246
                0x20000a24        0x4 C:\GNUToolsARMEmbedded\4.8_2014q3\arm-none-eabi\lib\thumb\libnosys.a(sbrk.o)
 .bss           0x20000a28        0x0 c:/gnutoolsarmembedded/4.8_2014q3/bin/../lib/gcc/arm-none-eabi/4.8.4/armv7e-m\libgcc.a(_udivsi3.o)
 .bss           0x20000a28        0x0 c:/gnutoolsarmembedded/4.8_2014q3/bin/../lib/gcc/arm-none-eabi/4.8.4/armv7e-m\libgcc.a(_divsi3.o)
 .bss           0x20000a28        0x0 c:/gnutoolsarmembedded/4.8_2014q3/bin/../lib/gcc/arm-none-eabi/4.8.4/armv7e-m\libgcc.a(_dvmd_tls.o)
 .bss           0x20000a28        0x0 c:/gnutoolsarmembedded/4.8_2014q3/bin/../lib/gcc/arm-none-eabi/4.8.4/armv7e-m\libgcc.a(_aeabi_uldivmod.o)
 .bss           0x20000a28        0x0 c:/gnutoolsarmembedded/4.8_2014q3/bin/../lib/gcc/arm-none-eabi/4.8.4/armv7e-m\libgcc.a(bpabi.o)
 .bss           0x20000a28        0x0 c:/gnutoolsarmembedded/4.8_2014q3/bin/../lib/gcc/arm-none-eabi/4.8.4/armv7e-m\libgcc.a(_divdi3.o)
 .bss           0x20000a28        0x0 c:/gnutoolsarmembedded/4.8_2014q3/bin/../lib/gcc/arm-none-eabi/4.8.4/armv7e-m\libgcc.a(_udivdi3.o)
 .bss           0x20000a28        0x0 c:/gnutoolsarmembedded/4.8_2014q3/bin/../lib/gcc/arm-none-eabi/4.8.4/armv7e-m/crtend.o
 .bss           0x20000a28        0x0 c:/gnutoolsarmembedded/4.8_2014q3/bin/../lib/gcc/arm-none-eabi/4.8.4/armv7e-m/crtn.o
 *(COMMON)
 COMMON         0x20000a28        0x1 obj/Event.o
                0x20000a28                evts
 *fill*         0x20000a29        0x3 
 COMMON         0x20000a2c        0x8 obj/STMPE811QTR.o
                0x20000a2c                TS_State
 COMMON         0x20000a34       0x20 obj/Touch.o
                0x20000a34                touch_points
                0x20000a48                tcs
 COMMON         0x20000a54        0xa obj/code.o
                0x20000a54                timesetmode
                0x20000a55                timeMode
                0x20000a56                plusButton
                0x20000a57                alarmMode
                0x20000a58                RT_MEMORY_ALLOCATION_ERROR
                0x20000a5c                minusButton
                0x20000a5d                DashBoardMode
 *fill*         0x20000a5e        0x2 
 COMMON         0x20000a60       0x2c obj/eecfg.o
                0x20000a60                EE_terminate_data
                0x20000a68                EE_oo_counter_object_RAM
                0x20000a88                EE_ApplicationMode
 COMMON         0x20000a8c        0x8 libee.a(ee_hal_structs.o)
                0x20000a8c                EE_IRQ_nesting_level
                0x20000a90                EE_std_endcycle_next_tid
 COMMON         0x20000a94        0x8 libee.a(ee_lookup.o)
                0x20000a94                EE_oo_IRQ_disable_count
                0x20000a98                EE_oo_IRQ_suspend_status
 COMMON         0x20000a9c        0x4 C:\GNUToolsARMEmbedded\4.8_2014q3\arm-none-eabi\lib\thumb\libc.a(lib_a-reent.o)
                0x20000a9c                errno
                0x20000aa0                . = ALIGN (0x4)
                0x20000aa0                __bss_end__ = .

.heap           0x20000aa0      0x100
                0x20000aa0                __end__ = .
                0x20000aa0                end = __end__
 *(.heap*)
 .heap          0x20000aa0      0x100 obj/pkg/mcu/st_stm32_stm32f4xx/src/startup_stm32f4xx_gnu.o
                0x20000aa0                __HeapBase
                0x20000ba0                __HeapLimit = .

.stack_dummy    0x20000aa0      0xc00
 *(.stack*)
 .stack         0x20000aa0      0xc00 obj/pkg/mcu/st_stm32_stm32f4xx/src/startup_stm32f4xx_gnu.o
                0x20020000                __StackTop = (ORIGIN (RAM) + 0x20000)
                0x2001f400                __StackLimit = (__StackTop - SIZEOF (.stack_dummy))
                0x20020000                PROVIDE (__stack, __StackTop)
                0x00000001                ASSERT ((__StackLimit >= __HeapLimit), region RAM overflowed with stack)
                0x10000000                __CcmOrigin = ORIGIN (CCM)
                0x00010000                __CcmLen = 0x10000
START GROUP
LOAD c:/gnutoolsarmembedded/4.8_2014q3/bin/../lib/gcc/arm-none-eabi/4.8.4/armv7e-m\libgcc.a
LOAD C:\GNUToolsARMEmbedded\4.8_2014q3\arm-none-eabi\lib\thumb\libg.a
LOAD C:\GNUToolsARMEmbedded\4.8_2014q3\arm-none-eabi\lib\thumb\libc.a
END GROUP
LOAD c:/gnutoolsarmembedded/4.8_2014q3/bin/../lib/gcc/arm-none-eabi/4.8.4/armv7e-m/crtend.o
LOAD c:/gnutoolsarmembedded/4.8_2014q3/bin/../lib/gcc/arm-none-eabi/4.8.4/armv7e-m/crtn.o
OUTPUT(c_mX.elf elf32-littlearm)

.ARM.attributes
                0x00000000       0x2c
 .ARM.attributes
                0x00000000       0x1e c:/gnutoolsarmembedded/4.8_2014q3/bin/../lib/gcc/arm-none-eabi/4.8.4/armv7e-m/crti.o
 .ARM.attributes
                0x0000001e       0x2e c:/gnutoolsarmembedded/4.8_2014q3/bin/../lib/gcc/arm-none-eabi/4.8.4/armv7e-m/crtbegin.o
 .ARM.attributes
                0x0000004c       0x1c c:/gnutoolsarmembedded/4.8_2014q3/bin/../lib/gcc/arm-none-eabi/4.8.4/../../../../arm-none-eabi/lib/armv7e-m/crt0.o
 .ARM.attributes
                0x00000068       0x33 obj/Event.o
 .ARM.attributes
                0x0000009b       0x33 obj/STMPE811QTR.o
 .ARM.attributes
                0x000000ce       0x33 obj/Touch.o
 .ARM.attributes
                0x00000101       0x33 obj/Widget.o
 .ARM.attributes
                0x00000134       0x33 obj/WidgetConfig.o
 .ARM.attributes
                0x00000167       0x33 obj/code.o
 .ARM.attributes
                0x0000019a       0x33 obj/debug.o
 .ARM.attributes
                0x000001cd       0x33 obj/eecfg.o
 .ARM.attributes
                0x00000200       0x33 obj/pictures.o
 .ARM.attributes
                0x00000233       0x1c obj/pkg/mcu/st_stm32_stm32f4xx/src/startup_stm32f4xx_gnu.o
 .ARM.attributes
                0x0000024f       0x33 obj/pkg/mcu/st_stm32_stm32f4xx/src/system_stm32f4xx.o
 .ARM.attributes
                0x00000282       0x33 libee.a(ee_hal_structs.o)
 .ARM.attributes
                0x000002b5       0x33 libee.a(ee_utils.o)
 .ARM.attributes
                0x000002e8       0x21 libee.a(ee_gnu_change_context_isr.o)
 .ARM.attributes
                0x00000309       0x33 libee.a(ee_irqendin.o)
 .ARM.attributes
                0x0000033c       0x33 libee.a(ee_tstub.o)
 .ARM.attributes
                0x0000036f       0x33 libee.a(ee_lookup.o)
 .ARM.attributes
                0x000003a2       0x33 libee.a(ee_rq_exchg.o)
 .ARM.attributes
                0x000003d5       0x33 libee.a(ee_alsetrel.o)
 .ARM.attributes
                0x00000408       0x33 libee.a(ee_altick.o)
 .ARM.attributes
                0x0000043b       0x33 libee.a(ee_context.o)
 .ARM.attributes
                0x0000046e       0x21 libee.a(ee_gnu_oo.o)
 .ARM.attributes
                0x0000048f       0x33 libee.a(ee_tnterm.o)
 .ARM.attributes
                0x000004c2       0x33 libee.a(ee_rq_inser.o)
 .ARM.attributes
                0x000004f5       0x33 libee.a(ee_context.o)
 .ARM.attributes
                0x00000528       0x33 libee.a(ee_thendin.o)
 .ARM.attributes
                0x0000055b       0x33 libstm32f4xxspd.a(stm32f4xx_dma.o)
 .ARM.attributes
                0x0000058e       0x33 libstm32f4xxspd.a(stm32f4xx_fsmc.o)
 .ARM.attributes
                0x000005c1       0x33 libstm32f4xxspd.a(stm32f4xx_gpio.o)
 .ARM.attributes
                0x000005f4       0x33 libstm32f4xxspd.a(stm32f4xx_i2c.o)
 .ARM.attributes
                0x00000627       0x33 libstm32f4xxspd.a(stm32f4xx_rcc.o)
 .ARM.attributes
                0x0000065a       0x1e c:/gnutoolsarmembedded/4.8_2014q3/bin/../lib/gcc/arm-none-eabi/4.8.4/armv7e-m\libgcc.a(_arm_addsubdf3.o)
 .ARM.attributes
                0x00000678       0x1e c:/gnutoolsarmembedded/4.8_2014q3/bin/../lib/gcc/arm-none-eabi/4.8.4/armv7e-m\libgcc.a(_arm_muldivdf3.o)
 .ARM.attributes
                0x00000696       0x1e c:/gnutoolsarmembedded/4.8_2014q3/bin/../lib/gcc/arm-none-eabi/4.8.4/armv7e-m\libgcc.a(_arm_cmpdf2.o)
 .ARM.attributes
                0x000006b4       0x1e c:/gnutoolsarmembedded/4.8_2014q3/bin/../lib/gcc/arm-none-eabi/4.8.4/armv7e-m\libgcc.a(_arm_fixdfsi.o)
 .ARM.attributes
                0x000006d2       0x1e c:/gnutoolsarmembedded/4.8_2014q3/bin/../lib/gcc/arm-none-eabi/4.8.4/armv7e-m\libgcc.a(_arm_addsubsf3.o)
 .ARM.attributes
                0x000006f0       0x1e c:/gnutoolsarmembedded/4.8_2014q3/bin/../lib/gcc/arm-none-eabi/4.8.4/armv7e-m\libgcc.a(_arm_muldivsf3.o)
 .ARM.attributes
                0x0000070e       0x1e c:/gnutoolsarmembedded/4.8_2014q3/bin/../lib/gcc/arm-none-eabi/4.8.4/armv7e-m\libgcc.a(_arm_fixsfsi.o)
 .ARM.attributes
                0x0000072c       0x1e c:/gnutoolsarmembedded/4.8_2014q3/bin/../lib/gcc/arm-none-eabi/4.8.4/armv7e-m\libgcc.a(_arm_fixunssfsi.o)
 .ARM.attributes
                0x0000074a       0x30 C:\GNUToolsARMEmbedded\4.8_2014q3\arm-none-eabi\lib\thumb\libc.a(lib_a-exit.o)
 .ARM.attributes
                0x0000077a       0x30 C:\GNUToolsARMEmbedded\4.8_2014q3\arm-none-eabi\lib\thumb\libc.a(lib_a-impure.o)
 .ARM.attributes
                0x000007aa       0x30 C:\GNUToolsARMEmbedded\4.8_2014q3\arm-none-eabi\lib\thumb\libc.a(lib_a-init.o)
 .ARM.attributes
                0x000007da       0x30 C:\GNUToolsARMEmbedded\4.8_2014q3\arm-none-eabi\lib\thumb\libc.a(lib_a-memset.o)
 .ARM.attributes
                0x0000080a       0x30 C:\GNUToolsARMEmbedded\4.8_2014q3\arm-none-eabi\lib\thumb\libc.a(lib_a-sprintf.o)
 .ARM.attributes
                0x0000083a       0x30 C:\GNUToolsARMEmbedded\4.8_2014q3\arm-none-eabi\lib\thumb\libc.a(lib_a-svfprintf.o)
 .ARM.attributes
                0x0000086a       0x30 C:\GNUToolsARMEmbedded\4.8_2014q3\arm-none-eabi\lib\thumb\libc.a(lib_a-__call_atexit.o)
 .ARM.attributes
                0x0000089a       0x30 C:\GNUToolsARMEmbedded\4.8_2014q3\arm-none-eabi\lib\thumb\libc.a(lib_a-atexit.o)
 .ARM.attributes
                0x000008ca       0x30 C:\GNUToolsARMEmbedded\4.8_2014q3\arm-none-eabi\lib\thumb\libc.a(lib_a-dtoa.o)
 .ARM.attributes
                0x000008fa       0x30 C:\GNUToolsARMEmbedded\4.8_2014q3\arm-none-eabi\lib\thumb\libc.a(lib_a-fini.o)
 .ARM.attributes
                0x0000092a       0x30 C:\GNUToolsARMEmbedded\4.8_2014q3\arm-none-eabi\lib\thumb\libc.a(lib_a-locale.o)
 .ARM.attributes
                0x0000095a       0x30 C:\GNUToolsARMEmbedded\4.8_2014q3\arm-none-eabi\lib\thumb\libc.a(lib_a-mallocr.o)
 .ARM.attributes
                0x0000098a       0x30 C:\GNUToolsARMEmbedded\4.8_2014q3\arm-none-eabi\lib\thumb\libc.a(lib_a-memchr-stub.o)
 .ARM.attributes
                0x000009ba       0x30 C:\GNUToolsARMEmbedded\4.8_2014q3\arm-none-eabi\lib\thumb\libc.a(lib_a-memcpy-stub.o)
 .ARM.attributes
                0x000009ea       0x30 C:\GNUToolsARMEmbedded\4.8_2014q3\arm-none-eabi\lib\thumb\libc.a(lib_a-mlock.o)
 .ARM.attributes
                0x00000a1a       0x30 C:\GNUToolsARMEmbedded\4.8_2014q3\arm-none-eabi\lib\thumb\libc.a(lib_a-mprec.o)
 .ARM.attributes
                0x00000a4a       0x30 C:\GNUToolsARMEmbedded\4.8_2014q3\arm-none-eabi\lib\thumb\libc.a(lib_a-s_fpclassify.o)
 .ARM.attributes
                0x00000a7a       0x30 C:\GNUToolsARMEmbedded\4.8_2014q3\arm-none-eabi\lib\thumb\libc.a(lib_a-sbrkr.o)
 .ARM.attributes
                0x00000aaa       0x1c C:\GNUToolsARMEmbedded\4.8_2014q3\arm-none-eabi\lib\thumb\libc.a(lib_a-strcmp.o)
 .ARM.attributes
                0x00000ac6       0x30 C:\GNUToolsARMEmbedded\4.8_2014q3\arm-none-eabi\lib\thumb\libc.a(lib_a-strlen.o)
 .ARM.attributes
                0x00000af6       0x30 C:\GNUToolsARMEmbedded\4.8_2014q3\arm-none-eabi\lib\thumb\libc.a(lib_a-svfiprintf.o)
 .ARM.attributes
                0x00000b26       0x30 C:\GNUToolsARMEmbedded\4.8_2014q3\arm-none-eabi\lib\thumb\libc.a(lib_a-__atexit.o)
 .ARM.attributes
                0x00000b56       0x30 C:\GNUToolsARMEmbedded\4.8_2014q3\arm-none-eabi\lib\thumb\libc.a(lib_a-callocr.o)
 .ARM.attributes
                0x00000b86       0x30 C:\GNUToolsARMEmbedded\4.8_2014q3\arm-none-eabi\lib\thumb\libc.a(lib_a-freer.o)
 .ARM.attributes
                0x00000bb6       0x30 C:\GNUToolsARMEmbedded\4.8_2014q3\arm-none-eabi\lib\thumb\libc.a(lib_a-memmove.o)
 .ARM.attributes
                0x00000be6       0x30 C:\GNUToolsARMEmbedded\4.8_2014q3\arm-none-eabi\lib\thumb\libc.a(lib_a-reallocr.o)
 .ARM.attributes
                0x00000c16       0x30 C:\GNUToolsARMEmbedded\4.8_2014q3\arm-none-eabi\lib\thumb\libc.a(lib_a-reent.o)
 .ARM.attributes
                0x00000c46       0x30 C:\GNUToolsARMEmbedded\4.8_2014q3\arm-none-eabi\lib\thumb\libm.a(lib_a-s_cos.o)
 .ARM.attributes
                0x00000c76       0x30 C:\GNUToolsARMEmbedded\4.8_2014q3\arm-none-eabi\lib\thumb\libm.a(lib_a-s_floor.o)
 .ARM.attributes
                0x00000ca6       0x30 C:\GNUToolsARMEmbedded\4.8_2014q3\arm-none-eabi\lib\thumb\libm.a(lib_a-s_sin.o)
 .ARM.attributes
                0x00000cd6       0x30 C:\GNUToolsARMEmbedded\4.8_2014q3\arm-none-eabi\lib\thumb\libm.a(lib_a-e_rem_pio2.o)
 .ARM.attributes
                0x00000d06       0x30 C:\GNUToolsARMEmbedded\4.8_2014q3\arm-none-eabi\lib\thumb\libm.a(lib_a-k_cos.o)
 .ARM.attributes
                0x00000d36       0x30 C:\GNUToolsARMEmbedded\4.8_2014q3\arm-none-eabi\lib\thumb\libm.a(lib_a-k_rem_pio2.o)
 .ARM.attributes
                0x00000d66       0x30 C:\GNUToolsARMEmbedded\4.8_2014q3\arm-none-eabi\lib\thumb\libm.a(lib_a-k_sin.o)
 .ARM.attributes
                0x00000d96       0x30 C:\GNUToolsARMEmbedded\4.8_2014q3\arm-none-eabi\lib\thumb\libm.a(lib_a-s_fabs.o)
 .ARM.attributes
                0x00000dc6       0x30 C:\GNUToolsARMEmbedded\4.8_2014q3\arm-none-eabi\lib\thumb\libm.a(lib_a-s_scalbn.o)
 .ARM.attributes
                0x00000df6       0x30 C:\GNUToolsARMEmbedded\4.8_2014q3\arm-none-eabi\lib\thumb\libm.a(lib_a-s_copysign.o)
 .ARM.attributes
                0x00000e26       0x30 C:\GNUToolsARMEmbedded\4.8_2014q3\arm-none-eabi\lib\thumb\libnosys.a(sbrk.o)
 .ARM.attributes
                0x00000e56       0x1e c:/gnutoolsarmembedded/4.8_2014q3/bin/../lib/gcc/arm-none-eabi/4.8.4/armv7e-m\libgcc.a(_udivsi3.o)
 .ARM.attributes
                0x00000e74       0x1e c:/gnutoolsarmembedded/4.8_2014q3/bin/../lib/gcc/arm-none-eabi/4.8.4/armv7e-m\libgcc.a(_divsi3.o)
 .ARM.attributes
                0x00000e92       0x1e c:/gnutoolsarmembedded/4.8_2014q3/bin/../lib/gcc/arm-none-eabi/4.8.4/armv7e-m\libgcc.a(_dvmd_tls.o)
 .ARM.attributes
                0x00000eb0       0x1e c:/gnutoolsarmembedded/4.8_2014q3/bin/../lib/gcc/arm-none-eabi/4.8.4/armv7e-m\libgcc.a(_aeabi_uldivmod.o)
 .ARM.attributes